Command line invocation:
    /Applications/Xcode.app/Contents/Developer/usr/bin/xcodebuild build -project AstroTerm.xcodeproj -scheme AstroTerm -destination "generic/platform=iOS Simulator"

Resolve Package Graph


Resolved source packages:
  GoogleUserMessagingPlatform: https://github.com/googleads/swift-package-manager-google-user-messaging-platform.git @ 3.1.0
  GoogleMobileAds: https://github.com/googleads/swift-package-manager-google-mobile-ads @ 13.2.0

ComputePackagePrebuildTargetDependencyGraph

Prepare packages

CreateBuildRequest

SendProjectDescription

CreateBuildOperation

ComputeTargetDependencyGraph
note: Building targets in dependency order
note: Target dependency graph (5 targets)
    Target 'AstroTerm' in project 'AstroTerm'
        ➜ Explicit dependency on target 'GoogleMobileAds' in project 'GoogleMobileAds'
    Target 'GoogleMobileAds' in project 'GoogleMobileAds'
        ➜ Explicit dependency on target 'GoogleMobileAdsTarget' in project 'GoogleMobileAds'
        ➜ Explicit dependency on target 'GoogleUserMessagingPlatform' in project 'GoogleUserMessagingPlatform'
    Target 'GoogleMobileAdsTarget' in project 'GoogleMobileAds'
        ➜ Explicit dependency on target 'GoogleUserMessagingPlatform' in project 'GoogleUserMessagingPlatform'
    Target 'GoogleUserMessagingPlatform' in project 'GoogleUserMessagingPlatform'
        ➜ Explicit dependency on target 'UserMessagingPlatformTarget' in project 'GoogleUserMessagingPlatform'
    Target 'UserMessagingPlatformTarget' in project 'GoogleUserMessagingPlatform' (no dependencies)

GatherProvisioningInputs

CreateBuildDescription

ClangStatCache /Applications/Xcode.app/Contents/Developer/Toolchains/XcodeDefault.xctoolchain/usr/bin/clang-stat-cache /Applications/Xcode.app/Contents/Developer/Platforms/iPhoneSimulator.platform/Developer/SDKs/iPhoneSimulator26.4.sdk /Users/oguzhanakdogan/Library/Developer/Xcode/DerivedData/SDKStatCaches.noindex/iphonesimulator26.4-23E237-686eebb5dc1d8ecb277353a59184f4aa.sdkstatcache
    cd /Users/oguzhanakdogan/Desktop/Galaxy\ Words/AstroTerm.xcodeproj
    /Applications/Xcode.app/Contents/Developer/Toolchains/XcodeDefault.xctoolchain/usr/bin/clang-stat-cache /Applications/Xcode.app/Contents/Developer/Platforms/iPhoneSimulator.platform/Developer/SDKs/iPhoneSimulator26.4.sdk -o /Users/oguzhanakdogan/Library/Developer/Xcode/DerivedData/SDKStatCaches.noindex/iphonesimulator26.4-23E237-686eebb5dc1d8ecb277353a59184f4aa.sdkstatcache

SwiftDriver AstroTerm normal arm64 com.apple.xcode.tools.swift.compiler (in target 'AstroTerm' from project 'AstroTerm')
    cd /Users/oguzhanakdogan/Desktop/Galaxy\ Words
    builtin-SwiftDriver -- /Applications/Xcode.app/Contents/Developer/Toolchains/XcodeDefault.xctoolchain/usr/bin/swiftc -module-name AstroTerm -Onone @/Users/oguzhanakdogan/Library/Developer/Xcode/DerivedData/AstroTerm-bdscbdacgvdbntgsnqenlocveohu/Build/Intermediates.noindex/AstroTerm.build/Debug-iphonesimulator/AstroTerm.build/Objects-normal/arm64/AstroTerm.SwiftFileList -DDEBUG -Xcc -fmodule-map-file\=/Users/oguzhanakdogan/Library/Developer/Xcode/DerivedData/AstroTerm-bdscbdacgvdbntgsnqenlocveohu/Build/Intermediates.noindex/GeneratedModuleMaps-iphonesimulator/UserMessagingPlatformTarget.modulemap -enable-bare-slash-regex -enable-experimental-feature DebugDescriptionMacro -sdk /Applications/Xcode.app/Contents/Developer/Platforms/iPhoneSimulator.platform/Developer/SDKs/iPhoneSimulator26.4.sdk -target arm64-apple-ios16.0-simulator -g -module-cache-path /Users/oguzhanakdogan/Library/Developer/Xcode/DerivedData/ModuleCache.noindex -Xfrontend -serialize-debugging-options -enable-testing -index-store-path /Users/oguzhanakdogan/Library/Developer/Xcode/DerivedData/AstroTerm-bdscbdacgvdbntgsnqenlocveohu/Index.noindex/DataStore -Xcc -D_LIBCPP_HARDENING_MODE\=_LIBCPP_HARDENING_MODE_DEBUG -swift-version 5 -I /Users/oguzhanakdogan/Library/Developer/Xcode/DerivedData/AstroTerm-bdscbdacgvdbntgsnqenlocveohu/Build/Products/Debug-iphonesimulator -F /Users/oguzhanakdogan/Library/Developer/Xcode/DerivedData/AstroTerm-bdscbdacgvdbntgsnqenlocveohu/Build/Products/Debug-iphonesimulator/PackageFrameworks -F /Users/oguzhanakdogan/Library/Developer/Xcode/DerivedData/AstroTerm-bdscbdacgvdbntgsnqenlocveohu/Build/Products/Debug-iphonesimulator/PackageFrameworks -F /Users/oguzhanakdogan/Library/Developer/Xcode/DerivedData/AstroTerm-bdscbdacgvdbntgsnqenlocveohu/Build/Products/Debug-iphonesimulator -c -j8 -enable-batch-mode -incremental -Xcc -ivfsstatcache -Xcc /Users/oguzhanakdogan/Library/Developer/Xcode/DerivedData/SDKStatCaches.noindex/iphonesimulator26.4-23E237-686eebb5dc1d8ecb277353a59184f4aa.sdkstatcache -output-file-map /Users/oguzhanakdogan/Library/Developer/Xcode/DerivedData/AstroTerm-bdscbdacgvdbntgsnqenlocveohu/Build/Intermediates.noindex/AstroTerm.build/Debug-iphonesimulator/AstroTerm.build/Objects-normal/arm64/AstroTerm-OutputFileMap.json -use-frontend-parseable-output -save-temps -no-color-diagnostics -explicit-module-build -module-cache-path /Users/oguzhanakdogan/Library/Developer/Xcode/DerivedData/AstroTerm-bdscbdacgvdbntgsnqenlocveohu/Build/Intermediates.noindex/SwiftExplicitPrecompiledModules -clang-scanner-module-cache-path /Users/oguzhanakdogan/Library/Developer/Xcode/DerivedData/ModuleCache.noindex -sdk-module-cache-path /Users/oguzhanakdogan/Library/Developer/Xcode/DerivedData/ModuleCache.noindex -serialize-diagnostics -emit-dependencies -emit-module -emit-module-path /Users/oguzhanakdogan/Library/Developer/Xcode/DerivedData/AstroTerm-bdscbdacgvdbntgsnqenlocveohu/Build/Intermediates.noindex/AstroTerm.build/Debug-iphonesimulator/AstroTerm.build/Objects-normal/arm64/AstroTerm.swiftmodule -validate-clang-modules-once -clang-build-session-file /Users/oguzhanakdogan/Library/Developer/Xcode/DerivedData/ModuleCache.noindex/Session.modulevalidation -Xcc -I/Users/oguzhanakdogan/Library/Developer/Xcode/DerivedData/AstroTerm-bdscbdacgvdbntgsnqenlocveohu/Build/Intermediates.noindex/AstroTerm.build/Debug-iphonesimulator/AstroTerm.build/swift-overrides.hmap -emit-const-values -Xfrontend -const-gather-protocols-file -Xfrontend /Users/oguzhanakdogan/Library/Developer/Xcode/DerivedData/AstroTerm-bdscbdacgvdbntgsnqenlocveohu/Build/Intermediates.noindex/AstroTerm.build/Debug-iphonesimulator/AstroTerm.build/Objects-normal/arm64/AstroTerm_const_extract_protocols.json -Xcc -iquote -Xcc /Users/oguzhanakdogan/Library/Developer/Xcode/DerivedData/AstroTerm-bdscbdacgvdbntgsnqenlocveohu/Build/Intermediates.noindex/AstroTerm.build/Debug-iphonesimulator/AstroTerm.build/AstroTerm-generated-files.hmap -Xcc -I/Users/oguzhanakdogan/Library/Developer/Xcode/DerivedData/AstroTerm-bdscbdacgvdbntgsnqenlocveohu/Build/Intermediates.noindex/AstroTerm.build/Debug-iphonesimulator/AstroTerm.build/AstroTerm-own-target-headers.hmap -Xcc -I/Users/oguzhanakdogan/Library/Developer/Xcode/DerivedData/AstroTerm-bdscbdacgvdbntgsnqenlocveohu/Build/Intermediates.noindex/AstroTerm.build/Debug-iphonesimulator/AstroTerm.build/AstroTerm-all-non-framework-target-headers.hmap -Xcc -ivfsoverlay -Xcc /Users/oguzhanakdogan/Library/Developer/Xcode/DerivedData/AstroTerm-bdscbdacgvdbntgsnqenlocveohu/Build/Intermediates.noindex/AstroTerm.build/Debug-iphonesimulator/AstroTerm-02c8daf681347d0896beafd55d95c20d-VFS-iphonesimulator/all-product-headers.yaml -Xcc -iquote -Xcc /Users/oguzhanakdogan/Library/Developer/Xcode/DerivedData/AstroTerm-bdscbdacgvdbntgsnqenlocveohu/Build/Intermediates.noindex/AstroTerm.build/Debug-iphonesimulator/AstroTerm.build/AstroTerm-project-headers.hmap -Xcc -I/Users/oguzhanakdogan/Library/Developer/Xcode/DerivedData/AstroTerm-bdscbdacgvdbntgsnqenlocveohu/SourcePackages/checkouts/swift-package-manager-google-user-messaging-platform/UserMessagingPlatformTarget/include -Xcc -I/Users/oguzhanakdogan/Library/Developer/Xcode/DerivedData/AstroTerm-bdscbdacgvdbntgsnqenlocveohu/Build/Products/Debug-iphonesimulator/include -Xcc -I/Users/oguzhanakdogan/Library/Developer/Xcode/DerivedData/AstroTerm-bdscbdacgvdbntgsnqenlocveohu/Build/Intermediates.noindex/AstroTerm.build/Debug-iphonesimulator/AstroTerm.build/DerivedSources-normal/arm64 -Xcc -I/Users/oguzhanakdogan/Library/Developer/Xcode/DerivedData/AstroTerm-bdscbdacgvdbntgsnqenlocveohu/Build/Intermediates.noindex/AstroTerm.build/Debug-iphonesimulator/AstroTerm.build/DerivedSources/arm64 -Xcc -I/Users/oguzhanakdogan/Library/Developer/Xcode/DerivedData/AstroTerm-bdscbdacgvdbntgsnqenlocveohu/Build/Intermediates.noindex/AstroTerm.build/Debug-iphonesimulator/AstroTerm.build/DerivedSources -Xcc -DDEBUG\=1 -emit-objc-header -emit-objc-header-path /Users/oguzhanakdogan/Library/Developer/Xcode/DerivedData/AstroTerm-bdscbdacgvdbntgsnqenlocveohu/Build/Intermediates.noindex/AstroTerm.build/Debug-iphonesimulator/AstroTerm.build/Objects-normal/arm64/AstroTerm-Swift.h -working-directory /Users/oguzhanakdogan/Desktop/Galaxy\ Words -experimental-emit-module-separately -disable-cmo

SwiftDriver AstroTerm normal x86_64 com.apple.xcode.tools.swift.compiler (in target 'AstroTerm' from project 'AstroTerm')
    cd /Users/oguzhanakdogan/Desktop/Galaxy\ Words
    builtin-SwiftDriver -- /Applications/Xcode.app/Contents/Developer/Toolchains/XcodeDefault.xctoolchain/usr/bin/swiftc -module-name AstroTerm -Onone @/Users/oguzhanakdogan/Library/Developer/Xcode/DerivedData/AstroTerm-bdscbdacgvdbntgsnqenlocveohu/Build/Intermediates.noindex/AstroTerm.build/Debug-iphonesimulator/AstroTerm.build/Objects-normal/x86_64/AstroTerm.SwiftFileList -DDEBUG -Xcc -fmodule-map-file\=/Users/oguzhanakdogan/Library/Developer/Xcode/DerivedData/AstroTerm-bdscbdacgvdbntgsnqenlocveohu/Build/Intermediates.noindex/GeneratedModuleMaps-iphonesimulator/UserMessagingPlatformTarget.modulemap -enable-bare-slash-regex -enable-experimental-feature DebugDescriptionMacro -sdk /Applications/Xcode.app/Contents/Developer/Platforms/iPhoneSimulator.platform/Developer/SDKs/iPhoneSimulator26.4.sdk -target x86_64-apple-ios16.0-simulator -g -module-cache-path /Users/oguzhanakdogan/Library/Developer/Xcode/DerivedData/ModuleCache.noindex -Xfrontend -serialize-debugging-options -enable-testing -index-store-path /Users/oguzhanakdogan/Library/Developer/Xcode/DerivedData/AstroTerm-bdscbdacgvdbntgsnqenlocveohu/Index.noindex/DataStore -Xcc -D_LIBCPP_HARDENING_MODE\=_LIBCPP_HARDENING_MODE_DEBUG -swift-version 5 -I /Users/oguzhanakdogan/Library/Developer/Xcode/DerivedData/AstroTerm-bdscbdacgvdbntgsnqenlocveohu/Build/Products/Debug-iphonesimulator -F /Users/oguzhanakdogan/Library/Developer/Xcode/DerivedData/AstroTerm-bdscbdacgvdbntgsnqenlocveohu/Build/Products/Debug-iphonesimulator/PackageFrameworks -F /Users/oguzhanakdogan/Library/Developer/Xcode/DerivedData/AstroTerm-bdscbdacgvdbntgsnqenlocveohu/Build/Products/Debug-iphonesimulator/PackageFrameworks -F /Users/oguzhanakdogan/Library/Developer/Xcode/DerivedData/AstroTerm-bdscbdacgvdbntgsnqenlocveohu/Build/Products/Debug-iphonesimulator -c -j8 -enable-batch-mode -incremental -Xcc -ivfsstatcache -Xcc /Users/oguzhanakdogan/Library/Developer/Xcode/DerivedData/SDKStatCaches.noindex/iphonesimulator26.4-23E237-686eebb5dc1d8ecb277353a59184f4aa.sdkstatcache -output-file-map /Users/oguzhanakdogan/Library/Developer/Xcode/DerivedData/AstroTerm-bdscbdacgvdbntgsnqenlocveohu/Build/Intermediates.noindex/AstroTerm.build/Debug-iphonesimulator/AstroTerm.build/Objects-normal/x86_64/AstroTerm-OutputFileMap.json -use-frontend-parseable-output -save-temps -no-color-diagnostics -explicit-module-build -module-cache-path /Users/oguzhanakdogan/Library/Developer/Xcode/DerivedData/AstroTerm-bdscbdacgvdbntgsnqenlocveohu/Build/Intermediates.noindex/SwiftExplicitPrecompiledModules -clang-scanner-module-cache-path /Users/oguzhanakdogan/Library/Developer/Xcode/DerivedData/ModuleCache.noindex -sdk-module-cache-path /Users/oguzhanakdogan/Library/Developer/Xcode/DerivedData/ModuleCache.noindex -serialize-diagnostics -emit-dependencies -emit-module -emit-module-path /Users/oguzhanakdogan/Library/Developer/Xcode/DerivedData/AstroTerm-bdscbdacgvdbntgsnqenlocveohu/Build/Intermediates.noindex/AstroTerm.build/Debug-iphonesimulator/AstroTerm.build/Objects-normal/x86_64/AstroTerm.swiftmodule -validate-clang-modules-once -clang-build-session-file /Users/oguzhanakdogan/Library/Developer/Xcode/DerivedData/ModuleCache.noindex/Session.modulevalidation -Xcc -I/Users/oguzhanakdogan/Library/Developer/Xcode/DerivedData/AstroTerm-bdscbdacgvdbntgsnqenlocveohu/Build/Intermediates.noindex/AstroTerm.build/Debug-iphonesimulator/AstroTerm.build/swift-overrides.hmap -emit-const-values -Xfrontend -const-gather-protocols-file -Xfrontend /Users/oguzhanakdogan/Library/Developer/Xcode/DerivedData/AstroTerm-bdscbdacgvdbntgsnqenlocveohu/Build/Intermediates.noindex/AstroTerm.build/Debug-iphonesimulator/AstroTerm.build/Objects-normal/x86_64/AstroTerm_const_extract_protocols.json -Xcc -iquote -Xcc /Users/oguzhanakdogan/Library/Developer/Xcode/DerivedData/AstroTerm-bdscbdacgvdbntgsnqenlocveohu/Build/Intermediates.noindex/AstroTerm.build/Debug-iphonesimulator/AstroTerm.build/AstroTerm-generated-files.hmap -Xcc -I/Users/oguzhanakdogan/Library/Developer/Xcode/DerivedData/AstroTerm-bdscbdacgvdbntgsnqenlocveohu/Build/Intermediates.noindex/AstroTerm.build/Debug-iphonesimulator/AstroTerm.build/AstroTerm-own-target-headers.hmap -Xcc -I/Users/oguzhanakdogan/Library/Developer/Xcode/DerivedData/AstroTerm-bdscbdacgvdbntgsnqenlocveohu/Build/Intermediates.noindex/AstroTerm.build/Debug-iphonesimulator/AstroTerm.build/AstroTerm-all-non-framework-target-headers.hmap -Xcc -ivfsoverlay -Xcc /Users/oguzhanakdogan/Library/Developer/Xcode/DerivedData/AstroTerm-bdscbdacgvdbntgsnqenlocveohu/Build/Intermediates.noindex/AstroTerm.build/Debug-iphonesimulator/AstroTerm-02c8daf681347d0896beafd55d95c20d-VFS-iphonesimulator/all-product-headers.yaml -Xcc -iquote -Xcc /Users/oguzhanakdogan/Library/Developer/Xcode/DerivedData/AstroTerm-bdscbdacgvdbntgsnqenlocveohu/Build/Intermediates.noindex/AstroTerm.build/Debug-iphonesimulator/AstroTerm.build/AstroTerm-project-headers.hmap -Xcc -I/Users/oguzhanakdogan/Library/Developer/Xcode/DerivedData/AstroTerm-bdscbdacgvdbntgsnqenlocveohu/SourcePackages/checkouts/swift-package-manager-google-user-messaging-platform/UserMessagingPlatformTarget/include -Xcc -I/Users/oguzhanakdogan/Library/Developer/Xcode/DerivedData/AstroTerm-bdscbdacgvdbntgsnqenlocveohu/Build/Products/Debug-iphonesimulator/include -Xcc -I/Users/oguzhanakdogan/Library/Developer/Xcode/DerivedData/AstroTerm-bdscbdacgvdbntgsnqenlocveohu/Build/Intermediates.noindex/AstroTerm.build/Debug-iphonesimulator/AstroTerm.build/DerivedSources-normal/x86_64 -Xcc -I/Users/oguzhanakdogan/Library/Developer/Xcode/DerivedData/AstroTerm-bdscbdacgvdbntgsnqenlocveohu/Build/Intermediates.noindex/AstroTerm.build/Debug-iphonesimulator/AstroTerm.build/DerivedSources/x86_64 -Xcc -I/Users/oguzhanakdogan/Library/Developer/Xcode/DerivedData/AstroTerm-bdscbdacgvdbntgsnqenlocveohu/Build/Intermediates.noindex/AstroTerm.build/Debug-iphonesimulator/AstroTerm.build/DerivedSources -Xcc -DDEBUG\=1 -emit-objc-header -emit-objc-header-path /Users/oguzhanakdogan/Library/Developer/Xcode/DerivedData/AstroTerm-bdscbdacgvdbntgsnqenlocveohu/Build/Intermediates.noindex/AstroTerm.build/Debug-iphonesimulator/AstroTerm.build/Objects-normal/x86_64/AstroTerm-Swift.h -working-directory /Users/oguzhanakdogan/Desktop/Galaxy\ Words -experimental-emit-module-separately -disable-cmo

CompileAssetCatalogVariant thinned /Users/oguzhanakdogan/Library/Developer/Xcode/DerivedData/AstroTerm-bdscbdacgvdbntgsnqenlocveohu/Build/Products/Debug-iphonesimulator/AstroTerm.app /Users/oguzhanakdogan/Desktop/Galaxy\ Words/AstroTerm/Assets.xcassets (in target 'AstroTerm' from project 'AstroTerm')
    cd /Users/oguzhanakdogan/Desktop/Galaxy\ Words
    /Applications/Xcode.app/Contents/Developer/usr/bin/actool /Users/oguzhanakdogan/Desktop/Galaxy\ Words/AstroTerm/Assets.xcassets --compile /Users/oguzhanakdogan/Library/Developer/Xcode/DerivedData/AstroTerm-bdscbdacgvdbntgsnqenlocveohu/Build/Intermediates.noindex/AstroTerm.build/Debug-iphonesimulator/AstroTerm.build/assetcatalog_output/thinned --output-format human-readable-text --notices --warnings --export-dependency-info /Users/oguzhanakdogan/Library/Developer/Xcode/DerivedData/AstroTerm-bdscbdacgvdbntgsnqenlocveohu/Build/Intermediates.noindex/AstroTerm.build/Debug-iphonesimulator/AstroTerm.build/assetcatalog_dependencies_thinned --output-partial-info-plist /Users/oguzhanakdogan/Library/Developer/Xcode/DerivedData/AstroTerm-bdscbdacgvdbntgsnqenlocveohu/Build/Intermediates.noindex/AstroTerm.build/Debug-iphonesimulator/AstroTerm.build/assetcatalog_generated_info.plist_thinned --app-icon AppIcon --compress-pngs --enable-on-demand-resources YES --development-region en --target-device iphone --target-device ipad --minimum-deployment-target 16.0 --platform iphonesimulator
/* com.apple.actool.document.notices */
/Users/oguzhanakdogan/Desktop/Galaxy Words/AstroTerm/Assets.xcassets:./AppIcon.appiconset/[][ipad][76x76][][][1x][][][][]: notice: 76x76@1x app icons only apply to iPad apps targeting releases of iOS prior to 10.0.
/* com.apple.actool.compilation-results */
/Users/oguzhanakdogan/Library/Developer/Xcode/DerivedData/AstroTerm-bdscbdacgvdbntgsnqenlocveohu/Build/Intermediates.noindex/AstroTerm.build/Debug-iphonesimulator/AstroTerm.build/assetcatalog_generated_info.plist_thinned
/Users/oguzhanakdogan/Library/Developer/Xcode/DerivedData/AstroTerm-bdscbdacgvdbntgsnqenlocveohu/Build/Intermediates.noindex/AstroTerm.build/Debug-iphonesimulator/AstroTerm.build/assetcatalog_output/thinned/AppIcon60x60@2x.png
/Users/oguzhanakdogan/Library/Developer/Xcode/DerivedData/AstroTerm-bdscbdacgvdbntgsnqenlocveohu/Build/Intermediates.noindex/AstroTerm.build/Debug-iphonesimulator/AstroTerm.build/assetcatalog_output/thinned/AppIcon76x76@2x~ipad.png
/Users/oguzhanakdogan/Library/Developer/Xcode/DerivedData/AstroTerm-bdscbdacgvdbntgsnqenlocveohu/Build/Intermediates.noindex/AstroTerm.build/Debug-iphonesimulator/AstroTerm.build/assetcatalog_output/thinned/Assets.car


SwiftCompile normal arm64 Compiling\ ContentView.swift,\ EnemyShipNode.swift /Users/oguzhanakdogan/Desktop/Galaxy\ Words/AstroTerm/ContentView.swift /Users/oguzhanakdogan/Desktop/Galaxy\ Words/AstroTerm/Game/EnemyShipNode.swift (in target 'AstroTerm' from project 'AstroTerm')

SwiftCompile normal arm64 /Users/oguzhanakdogan/Desktop/Galaxy\ Words/AstroTerm/ContentView.swift (in target 'AstroTerm' from project 'AstroTerm')
    cd /Users/oguzhanakdogan/Desktop/Galaxy\ Words
    

SwiftCompile normal arm64 /Users/oguzhanakdogan/Desktop/Galaxy\ Words/AstroTerm/Game/EnemyShipNode.swift (in target 'AstroTerm' from project 'AstroTerm')
    cd /Users/oguzhanakdogan/Desktop/Galaxy\ Words
    

SwiftEmitModule normal x86_64 Emitting\ module\ for\ AstroTerm (in target 'AstroTerm' from project 'AstroTerm')

EmitSwiftModule normal x86_64 (in target 'AstroTerm' from project 'AstroTerm')
    cd /Users/oguzhanakdogan/Desktop/Galaxy\ Words
    

SwiftEmitModule normal arm64 Emitting\ module\ for\ AstroTerm (in target 'AstroTerm' from project 'AstroTerm')

EmitSwiftModule normal arm64 (in target 'AstroTerm' from project 'AstroTerm')
    cd /Users/oguzhanakdogan/Desktop/Galaxy\ Words
    

SwiftCompile normal x86_64 Compiling\ WordPair.swift /Users/oguzhanakdogan/Desktop/Galaxy\ Words/AstroTerm/Models/WordPair.swift (in target 'AstroTerm' from project 'AstroTerm')

SwiftCompile normal x86_64 /Users/oguzhanakdogan/Desktop/Galaxy\ Words/AstroTerm/Models/WordPair.swift (in target 'AstroTerm' from project 'AstroTerm')
    cd /Users/oguzhanakdogan/Desktop/Galaxy\ Words
    

SwiftCompile normal arm64 Compiling\ GameState.swift,\ GameViewModel.swift /Users/oguzhanakdogan/Desktop/Galaxy\ Words/AstroTerm/Models/GameState.swift /Users/oguzhanakdogan/Desktop/Galaxy\ Words/AstroTerm/Game/GameViewModel.swift (in target 'AstroTerm' from project 'AstroTerm')

SwiftCompile normal arm64 /Users/oguzhanakdogan/Desktop/Galaxy\ Words/AstroTerm/Models/GameState.swift (in target 'AstroTerm' from project 'AstroTerm')
    cd /Users/oguzhanakdogan/Desktop/Galaxy\ Words
    

SwiftCompile normal arm64 /Users/oguzhanakdogan/Desktop/Galaxy\ Words/AstroTerm/Game/GameViewModel.swift (in target 'AstroTerm' from project 'AstroTerm')
    cd /Users/oguzhanakdogan/Desktop/Galaxy\ Words
    

SwiftCompile normal arm64 Compiling\ PlayerShipNode.swift,\ StarfieldNode.swift /Users/oguzhanakdogan/Desktop/Galaxy\ Words/AstroTerm/Game/PlayerShipNode.swift /Users/oguzhanakdogan/Desktop/Galaxy\ Words/AstroTerm/Game/StarfieldNode.swift (in target 'AstroTerm' from project 'AstroTerm')

SwiftCompile normal arm64 /Users/oguzhanakdogan/Desktop/Galaxy\ Words/AstroTerm/Game/PlayerShipNode.swift (in target 'AstroTerm' from project 'AstroTerm')
    cd /Users/oguzhanakdogan/Desktop/Galaxy\ Words
    

SwiftCompile normal arm64 /Users/oguzhanakdogan/Desktop/Galaxy\ Words/AstroTerm/Game/StarfieldNode.swift (in target 'AstroTerm' from project 'AstroTerm')
    cd /Users/oguzhanakdogan/Desktop/Galaxy\ Words
    

SwiftCompile normal x86_64 Compiling\ GeneratedAssetSymbols.swift /Users/oguzhanakdogan/Library/Developer/Xcode/DerivedData/AstroTerm-bdscbdacgvdbntgsnqenlocveohu/Build/Intermediates.noindex/AstroTerm.build/Debug-iphonesimulator/AstroTerm.build/DerivedSources/GeneratedAssetSymbols.swift (in target 'AstroTerm' from project 'AstroTerm')

SwiftCompile normal x86_64 /Users/oguzhanakdogan/Library/Developer/Xcode/DerivedData/AstroTerm-bdscbdacgvdbntgsnqenlocveohu/Build/Intermediates.noindex/AstroTerm.build/Debug-iphonesimulator/AstroTerm.build/DerivedSources/GeneratedAssetSymbols.swift (in target 'AstroTerm' from project 'AstroTerm')
    cd /Users/oguzhanakdogan/Desktop/Galaxy\ Words
    

SwiftCompile normal x86_64 Compiling\ ContentView.swift,\ EnemyShipNode.swift /Users/oguzhanakdogan/Desktop/Galaxy\ Words/AstroTerm/ContentView.swift /Users/oguzhanakdogan/Desktop/Galaxy\ Words/AstroTerm/Game/EnemyShipNode.swift (in target 'AstroTerm' from project 'AstroTerm')

SwiftCompile normal x86_64 /Users/oguzhanakdogan/Desktop/Galaxy\ Words/AstroTerm/ContentView.swift (in target 'AstroTerm' from project 'AstroTerm')
    cd /Users/oguzhanakdogan/Desktop/Galaxy\ Words
    

SwiftCompile normal x86_64 /Users/oguzhanakdogan/Desktop/Galaxy\ Words/AstroTerm/Game/EnemyShipNode.swift (in target 'AstroTerm' from project 'AstroTerm')
    cd /Users/oguzhanakdogan/Desktop/Galaxy\ Words
    

SwiftCompile normal x86_64 Compiling\ AdManager.swift /Users/oguzhanakdogan/Desktop/Galaxy\ Words/AstroTerm/Game/AdManager.swift (in target 'AstroTerm' from project 'AstroTerm')

SwiftCompile normal x86_64 /Users/oguzhanakdogan/Desktop/Galaxy\ Words/AstroTerm/Game/AdManager.swift (in target 'AstroTerm' from project 'AstroTerm')
    cd /Users/oguzhanakdogan/Desktop/Galaxy\ Words
    

SwiftDriverJobDiscovery normal x86_64 Compiling GeneratedAssetSymbols.swift (in target 'AstroTerm' from project 'AstroTerm')

SwiftDriverJobDiscovery normal x86_64 Compiling WordPair.swift (in target 'AstroTerm' from project 'AstroTerm')

SwiftCompile normal x86_64 Compiling\ LevelUpView.swift /Users/oguzhanakdogan/Desktop/Galaxy\ Words/AstroTerm/Views/LevelUpView.swift (in target 'AstroTerm' from project 'AstroTerm')

SwiftCompile normal x86_64 /Users/oguzhanakdogan/Desktop/Galaxy\ Words/AstroTerm/Views/LevelUpView.swift (in target 'AstroTerm' from project 'AstroTerm')
    cd /Users/oguzhanakdogan/Desktop/Galaxy\ Words
    

SwiftDriverJobDiscovery normal arm64 Compiling GameState.swift, GameViewModel.swift (in target 'AstroTerm' from project 'AstroTerm')

SwiftCompile normal arm64 Compiling\ AstroTermApp.swift /Users/oguzhanakdogan/Desktop/Galaxy\ Words/AstroTerm/AstroTermApp.swift (in target 'AstroTerm' from project 'AstroTerm')

SwiftCompile normal arm64 /Users/oguzhanakdogan/Desktop/Galaxy\ Words/AstroTerm/AstroTermApp.swift (in target 'AstroTerm' from project 'AstroTerm')
    cd /Users/oguzhanakdogan/Desktop/Galaxy\ Words
    

SwiftDriverJobDiscovery normal x86_64 Compiling AdManager.swift (in target 'AstroTerm' from project 'AstroTerm')

SwiftCompile normal x86_64 Compiling\ MainMenuView.swift /Users/oguzhanakdogan/Desktop/Galaxy\ Words/AstroTerm/Views/MainMenuView.swift (in target 'AstroTerm' from project 'AstroTerm')

SwiftCompile normal x86_64 /Users/oguzhanakdogan/Desktop/Galaxy\ Words/AstroTerm/Views/MainMenuView.swift (in target 'AstroTerm' from project 'AstroTerm')
    cd /Users/oguzhanakdogan/Desktop/Galaxy\ Words
    

SwiftDriverJobDiscovery normal arm64 Compiling ContentView.swift, EnemyShipNode.swift (in target 'AstroTerm' from project 'AstroTerm')

SwiftCompile normal x86_64 Compiling\ JoystickView.swift /Users/oguzhanakdogan/Desktop/Galaxy\ Words/AstroTerm/Game/JoystickView.swift (in target 'AstroTerm' from project 'AstroTerm')

SwiftCompile normal x86_64 /Users/oguzhanakdogan/Desktop/Galaxy\ Words/AstroTerm/Game/JoystickView.swift (in target 'AstroTerm' from project 'AstroTerm')
    cd /Users/oguzhanakdogan/Desktop/Galaxy\ Words
    

SwiftDriverJobDiscovery normal x86_64 Emitting module for AstroTerm (in target 'AstroTerm' from project 'AstroTerm')

SwiftDriver\ Compilation\ Requirements AstroTerm normal x86_64 com.apple.xcode.tools.swift.compiler (in target 'AstroTerm' from project 'AstroTerm')
    cd /Users/oguzhanakdogan/Desktop/Galaxy\ Words
    builtin-Swift-Compilation-Requirements -- /Applications/Xcode.app/Contents/Developer/Toolchains/XcodeDefault.xctoolchain/usr/bin/swiftc -module-name AstroTerm -Onone @/Users/oguzhanakdogan/Library/Developer/Xcode/DerivedData/AstroTerm-bdscbdacgvdbntgsnqenlocveohu/Build/Intermediates.noindex/AstroTerm.build/Debug-iphonesimulator/AstroTerm.build/Objects-normal/x86_64/AstroTerm.SwiftFileList -DDEBUG -Xcc -fmodule-map-file\=/Users/oguzhanakdogan/Library/Developer/Xcode/DerivedData/AstroTerm-bdscbdacgvdbntgsnqenlocveohu/Build/Intermediates.noindex/GeneratedModuleMaps-iphonesimulator/UserMessagingPlatformTarget.modulemap -enable-bare-slash-regex -enable-experimental-feature DebugDescriptionMacro -sdk /Applications/Xcode.app/Contents/Developer/Platforms/iPhoneSimulator.platform/Developer/SDKs/iPhoneSimulator26.4.sdk -target x86_64-apple-ios16.0-simulator -g -module-cache-path /Users/oguzhanakdogan/Library/Developer/Xcode/DerivedData/ModuleCache.noindex -Xfrontend -serialize-debugging-options -enable-testing -index-store-path /Users/oguzhanakdogan/Library/Developer/Xcode/DerivedData/AstroTerm-bdscbdacgvdbntgsnqenlocveohu/Index.noindex/DataStore -Xcc -D_LIBCPP_HARDENING_MODE\=_LIBCPP_HARDENING_MODE_DEBUG -swift-version 5 -I /Users/oguzhanakdogan/Library/Developer/Xcode/DerivedData/AstroTerm-bdscbdacgvdbntgsnqenlocveohu/Build/Products/Debug-iphonesimulator -F /Users/oguzhanakdogan/Library/Developer/Xcode/DerivedData/AstroTerm-bdscbdacgvdbntgsnqenlocveohu/Build/Products/Debug-iphonesimulator/PackageFrameworks -F /Users/oguzhanakdogan/Library/Developer/Xcode/DerivedData/AstroTerm-bdscbdacgvdbntgsnqenlocveohu/Build/Products/Debug-iphonesimulator/PackageFrameworks -F /Users/oguzhanakdogan/Library/Developer/Xcode/DerivedData/AstroTerm-bdscbdacgvdbntgsnqenlocveohu/Build/Products/Debug-iphonesimulator -c -j8 -enable-batch-mode -incremental -Xcc -ivfsstatcache -Xcc /Users/oguzhanakdogan/Library/Developer/Xcode/DerivedData/SDKStatCaches.noindex/iphonesimulator26.4-23E237-686eebb5dc1d8ecb277353a59184f4aa.sdkstatcache -output-file-map /Users/oguzhanakdogan/Library/Developer/Xcode/DerivedData/AstroTerm-bdscbdacgvdbntgsnqenlocveohu/Build/Intermediates.noindex/AstroTerm.build/Debug-iphonesimulator/AstroTerm.build/Objects-normal/x86_64/AstroTerm-OutputFileMap.json -use-frontend-parseable-output -save-temps -no-color-diagnostics -explicit-module-build -module-cache-path /Users/oguzhanakdogan/Library/Developer/Xcode/DerivedData/AstroTerm-bdscbdacgvdbntgsnqenlocveohu/Build/Intermediates.noindex/SwiftExplicitPrecompiledModules -clang-scanner-module-cache-path /Users/oguzhanakdogan/Library/Developer/Xcode/DerivedData/ModuleCache.noindex -sdk-module-cache-path /Users/oguzhanakdogan/Library/Developer/Xcode/DerivedData/ModuleCache.noindex -serialize-diagnostics -emit-dependencies -emit-module -emit-module-path /Users/oguzhanakdogan/Library/Developer/Xcode/DerivedData/AstroTerm-bdscbdacgvdbntgsnqenlocveohu/Build/Intermediates.noindex/AstroTerm.build/Debug-iphonesimulator/AstroTerm.build/Objects-normal/x86_64/AstroTerm.swiftmodule -validate-clang-modules-once -clang-build-session-file /Users/oguzhanakdogan/Library/Developer/Xcode/DerivedData/ModuleCache.noindex/Session.modulevalidation -Xcc -I/Users/oguzhanakdogan/Library/Developer/Xcode/DerivedData/AstroTerm-bdscbdacgvdbntgsnqenlocveohu/Build/Intermediates.noindex/AstroTerm.build/Debug-iphonesimulator/AstroTerm.build/swift-overrides.hmap -emit-const-values -Xfrontend -const-gather-protocols-file -Xfrontend /Users/oguzhanakdogan/Library/Developer/Xcode/DerivedData/AstroTerm-bdscbdacgvdbntgsnqenlocveohu/Build/Intermediates.noindex/AstroTerm.build/Debug-iphonesimulator/AstroTerm.build/Objects-normal/x86_64/AstroTerm_const_extract_protocols.json -Xcc -iquote -Xcc /Users/oguzhanakdogan/Library/Developer/Xcode/DerivedData/AstroTerm-bdscbdacgvdbntgsnqenlocveohu/Build/Intermediates.noindex/AstroTerm.build/Debug-iphonesimulator/AstroTerm.build/AstroTerm-generated-files.hmap -Xcc -I/Users/oguzhanakdogan/Library/Developer/Xcode/DerivedData/AstroTerm-bdscbdacgvdbntgsnqenlocveohu/Build/Intermediates.noindex/AstroTerm.build/Debug-iphonesimulator/AstroTerm.build/AstroTerm-own-target-headers.hmap -Xcc -I/Users/oguzhanakdogan/Library/Developer/Xcode/DerivedData/AstroTerm-bdscbdacgvdbntgsnqenlocveohu/Build/Intermediates.noindex/AstroTerm.build/Debug-iphonesimulator/AstroTerm.build/AstroTerm-all-non-framework-target-headers.hmap -Xcc -ivfsoverlay -Xcc /Users/oguzhanakdogan/Library/Developer/Xcode/DerivedData/AstroTerm-bdscbdacgvdbntgsnqenlocveohu/Build/Intermediates.noindex/AstroTerm.build/Debug-iphonesimulator/AstroTerm-02c8daf681347d0896beafd55d95c20d-VFS-iphonesimulator/all-product-headers.yaml -Xcc -iquote -Xcc /Users/oguzhanakdogan/Library/Developer/Xcode/DerivedData/AstroTerm-bdscbdacgvdbntgsnqenlocveohu/Build/Intermediates.noindex/AstroTerm.build/Debug-iphonesimulator/AstroTerm.build/AstroTerm-project-headers.hmap -Xcc -I/Users/oguzhanakdogan/Library/Developer/Xcode/DerivedData/AstroTerm-bdscbdacgvdbntgsnqenlocveohu/SourcePackages/checkouts/swift-package-manager-google-user-messaging-platform/UserMessagingPlatformTarget/include -Xcc -I/Users/oguzhanakdogan/Library/Developer/Xcode/DerivedData/AstroTerm-bdscbdacgvdbntgsnqenlocveohu/Build/Products/Debug-iphonesimulator/include -Xcc -I/Users/oguzhanakdogan/Library/Developer/Xcode/DerivedData/AstroTerm-bdscbdacgvdbntgsnqenlocveohu/Build/Intermediates.noindex/AstroTerm.build/Debug-iphonesimulator/AstroTerm.build/DerivedSources-normal/x86_64 -Xcc -I/Users/oguzhanakdogan/Library/Developer/Xcode/DerivedData/AstroTerm-bdscbdacgvdbntgsnqenlocveohu/Build/Intermediates.noindex/AstroTerm.build/Debug-iphonesimulator/AstroTerm.build/DerivedSources/x86_64 -Xcc -I/Users/oguzhanakdogan/Library/Developer/Xcode/DerivedData/AstroTerm-bdscbdacgvdbntgsnqenlocveohu/Build/Intermediates.noindex/AstroTerm.build/Debug-iphonesimulator/AstroTerm.build/DerivedSources -Xcc -DDEBUG\=1 -emit-objc-header -emit-objc-header-path /Users/oguzhanakdogan/Library/Developer/Xcode/DerivedData/AstroTerm-bdscbdacgvdbntgsnqenlocveohu/Build/Intermediates.noindex/AstroTerm.build/Debug-iphonesimulator/AstroTerm.build/Objects-normal/x86_64/AstroTerm-Swift.h -working-directory /Users/oguzhanakdogan/Desktop/Galaxy\ Words -experimental-emit-module-separately -disable-cmo

SwiftDriverJobDiscovery normal arm64 Emitting module for AstroTerm (in target 'AstroTerm' from project 'AstroTerm')

SwiftDriver\ Compilation\ Requirements AstroTerm normal arm64 com.apple.xcode.tools.swift.compiler (in target 'AstroTerm' from project 'AstroTerm')
    cd /Users/oguzhanakdogan/Desktop/Galaxy\ Words
    builtin-Swift-Compilation-Requirements -- /Applications/Xcode.app/Contents/Developer/Toolchains/XcodeDefault.xctoolchain/usr/bin/swiftc -module-name AstroTerm -Onone @/Users/oguzhanakdogan/Library/Developer/Xcode/DerivedData/AstroTerm-bdscbdacgvdbntgsnqenlocveohu/Build/Intermediates.noindex/AstroTerm.build/Debug-iphonesimulator/AstroTerm.build/Objects-normal/arm64/AstroTerm.SwiftFileList -DDEBUG -Xcc -fmodule-map-file\=/Users/oguzhanakdogan/Library/Developer/Xcode/DerivedData/AstroTerm-bdscbdacgvdbntgsnqenlocveohu/Build/Intermediates.noindex/GeneratedModuleMaps-iphonesimulator/UserMessagingPlatformTarget.modulemap -enable-bare-slash-regex -enable-experimental-feature DebugDescriptionMacro -sdk /Applications/Xcode.app/Contents/Developer/Platforms/iPhoneSimulator.platform/Developer/SDKs/iPhoneSimulator26.4.sdk -target arm64-apple-ios16.0-simulator -g -module-cache-path /Users/oguzhanakdogan/Library/Developer/Xcode/DerivedData/ModuleCache.noindex -Xfrontend -serialize-debugging-options -enable-testing -index-store-path /Users/oguzhanakdogan/Library/Developer/Xcode/DerivedData/AstroTerm-bdscbdacgvdbntgsnqenlocveohu/Index.noindex/DataStore -Xcc -D_LIBCPP_HARDENING_MODE\=_LIBCPP_HARDENING_MODE_DEBUG -swift-version 5 -I /Users/oguzhanakdogan/Library/Developer/Xcode/DerivedData/AstroTerm-bdscbdacgvdbntgsnqenlocveohu/Build/Products/Debug-iphonesimulator -F /Users/oguzhanakdogan/Library/Developer/Xcode/DerivedData/AstroTerm-bdscbdacgvdbntgsnqenlocveohu/Build/Products/Debug-iphonesimulator/PackageFrameworks -F /Users/oguzhanakdogan/Library/Developer/Xcode/DerivedData/AstroTerm-bdscbdacgvdbntgsnqenlocveohu/Build/Products/Debug-iphonesimulator/PackageFrameworks -F /Users/oguzhanakdogan/Library/Developer/Xcode/DerivedData/AstroTerm-bdscbdacgvdbntgsnqenlocveohu/Build/Products/Debug-iphonesimulator -c -j8 -enable-batch-mode -incremental -Xcc -ivfsstatcache -Xcc /Users/oguzhanakdogan/Library/Developer/Xcode/DerivedData/SDKStatCaches.noindex/iphonesimulator26.4-23E237-686eebb5dc1d8ecb277353a59184f4aa.sdkstatcache -output-file-map /Users/oguzhanakdogan/Library/Developer/Xcode/DerivedData/AstroTerm-bdscbdacgvdbntgsnqenlocveohu/Build/Intermediates.noindex/AstroTerm.build/Debug-iphonesimulator/AstroTerm.build/Objects-normal/arm64/AstroTerm-OutputFileMap.json -use-frontend-parseable-output -save-temps -no-color-diagnostics -explicit-module-build -module-cache-path /Users/oguzhanakdogan/Library/Developer/Xcode/DerivedData/AstroTerm-bdscbdacgvdbntgsnqenlocveohu/Build/Intermediates.noindex/SwiftExplicitPrecompiledModules -clang-scanner-module-cache-path /Users/oguzhanakdogan/Library/Developer/Xcode/DerivedData/ModuleCache.noindex -sdk-module-cache-path /Users/oguzhanakdogan/Library/Developer/Xcode/DerivedData/ModuleCache.noindex -serialize-diagnostics -emit-dependencies -emit-module -emit-module-path /Users/oguzhanakdogan/Library/Developer/Xcode/DerivedData/AstroTerm-bdscbdacgvdbntgsnqenlocveohu/Build/Intermediates.noindex/AstroTerm.build/Debug-iphonesimulator/AstroTerm.build/Objects-normal/arm64/AstroTerm.swiftmodule -validate-clang-modules-once -clang-build-session-file /Users/oguzhanakdogan/Library/Developer/Xcode/DerivedData/ModuleCache.noindex/Session.modulevalidation -Xcc -I/Users/oguzhanakdogan/Library/Developer/Xcode/DerivedData/AstroTerm-bdscbdacgvdbntgsnqenlocveohu/Build/Intermediates.noindex/AstroTerm.build/Debug-iphonesimulator/AstroTerm.build/swift-overrides.hmap -emit-const-values -Xfrontend -const-gather-protocols-file -Xfrontend /Users/oguzhanakdogan/Library/Developer/Xcode/DerivedData/AstroTerm-bdscbdacgvdbntgsnqenlocveohu/Build/Intermediates.noindex/AstroTerm.build/Debug-iphonesimulator/AstroTerm.build/Objects-normal/arm64/AstroTerm_const_extract_protocols.json -Xcc -iquote -Xcc /Users/oguzhanakdogan/Library/Developer/Xcode/DerivedData/AstroTerm-bdscbdacgvdbntgsnqenlocveohu/Build/Intermediates.noindex/AstroTerm.build/Debug-iphonesimulator/AstroTerm.build/AstroTerm-generated-files.hmap -Xcc -I/Users/oguzhanakdogan/Library/Developer/Xcode/DerivedData/AstroTerm-bdscbdacgvdbntgsnqenlocveohu/Build/Intermediates.noindex/AstroTerm.build/Debug-iphonesimulator/AstroTerm.build/AstroTerm-own-target-headers.hmap -Xcc -I/Users/oguzhanakdogan/Library/Developer/Xcode/DerivedData/AstroTerm-bdscbdacgvdbntgsnqenlocveohu/Build/Intermediates.noindex/AstroTerm.build/Debug-iphonesimulator/AstroTerm.build/AstroTerm-all-non-framework-target-headers.hmap -Xcc -ivfsoverlay -Xcc /Users/oguzhanakdogan/Library/Developer/Xcode/DerivedData/AstroTerm-bdscbdacgvdbntgsnqenlocveohu/Build/Intermediates.noindex/AstroTerm.build/Debug-iphonesimulator/AstroTerm-02c8daf681347d0896beafd55d95c20d-VFS-iphonesimulator/all-product-headers.yaml -Xcc -iquote -Xcc /Users/oguzhanakdogan/Library/Developer/Xcode/DerivedData/AstroTerm-bdscbdacgvdbntgsnqenlocveohu/Build/Intermediates.noindex/AstroTerm.build/Debug-iphonesimulator/AstroTerm.build/AstroTerm-project-headers.hmap -Xcc -I/Users/oguzhanakdogan/Library/Developer/Xcode/DerivedData/AstroTerm-bdscbdacgvdbntgsnqenlocveohu/SourcePackages/checkouts/swift-package-manager-google-user-messaging-platform/UserMessagingPlatformTarget/include -Xcc -I/Users/oguzhanakdogan/Library/Developer/Xcode/DerivedData/AstroTerm-bdscbdacgvdbntgsnqenlocveohu/Build/Products/Debug-iphonesimulator/include -Xcc -I/Users/oguzhanakdogan/Library/Developer/Xcode/DerivedData/AstroTerm-bdscbdacgvdbntgsnqenlocveohu/Build/Intermediates.noindex/AstroTerm.build/Debug-iphonesimulator/AstroTerm.build/DerivedSources-normal/arm64 -Xcc -I/Users/oguzhanakdogan/Library/Developer/Xcode/DerivedData/AstroTerm-bdscbdacgvdbntgsnqenlocveohu/Build/Intermediates.noindex/AstroTerm.build/Debug-iphonesimulator/AstroTerm.build/DerivedSources/arm64 -Xcc -I/Users/oguzhanakdogan/Library/Developer/Xcode/DerivedData/AstroTerm-bdscbdacgvdbntgsnqenlocveohu/Build/Intermediates.noindex/AstroTerm.build/Debug-iphonesimulator/AstroTerm.build/DerivedSources -Xcc -DDEBUG\=1 -emit-objc-header -emit-objc-header-path /Users/oguzhanakdogan/Library/Developer/Xcode/DerivedData/AstroTerm-bdscbdacgvdbntgsnqenlocveohu/Build/Intermediates.noindex/AstroTerm.build/Debug-iphonesimulator/AstroTerm.build/Objects-normal/arm64/AstroTerm-Swift.h -working-directory /Users/oguzhanakdogan/Desktop/Galaxy\ Words -experimental-emit-module-separately -disable-cmo

SwiftCompile normal x86_64 Compiling\ GameOverView.swift,\ GameScene.swift /Users/oguzhanakdogan/Desktop/Galaxy\ Words/AstroTerm/Views/GameOverView.swift /Users/oguzhanakdogan/Desktop/Galaxy\ Words/AstroTerm/Game/GameScene.swift (in target 'AstroTerm' from project 'AstroTerm')

SwiftCompile normal x86_64 /Users/oguzhanakdogan/Desktop/Galaxy\ Words/AstroTerm/Views/GameOverView.swift (in target 'AstroTerm' from project 'AstroTerm')
    cd /Users/oguzhanakdogan/Desktop/Galaxy\ Words
    

SwiftCompile normal x86_64 /Users/oguzhanakdogan/Desktop/Galaxy\ Words/AstroTerm/Game/GameScene.swift (in target 'AstroTerm' from project 'AstroTerm')
    cd /Users/oguzhanakdogan/Desktop/Galaxy\ Words
    

Copy /Users/oguzhanakdogan/Library/Developer/Xcode/DerivedData/AstroTerm-bdscbdacgvdbntgsnqenlocveohu/Build/Products/Debug-iphonesimulator/AstroTerm.swiftmodule/x86_64-apple-ios-simulator.abi.json /Users/oguzhanakdogan/Library/Developer/Xcode/DerivedData/AstroTerm-bdscbdacgvdbntgsnqenlocveohu/Build/Intermediates.noindex/AstroTerm.build/Debug-iphonesimulator/AstroTerm.build/Objects-normal/x86_64/AstroTerm.abi.json (in target 'AstroTerm' from project 'AstroTerm')
    cd /Users/oguzhanakdogan/Desktop/Galaxy\ Words
    builtin-copy -exclude .DS_Store -exclude CVS -exclude .svn -exclude .git -exclude .hg -resolve-src-symlinks -rename /Users/oguzhanakdogan/Library/Developer/Xcode/DerivedData/AstroTerm-bdscbdacgvdbntgsnqenlocveohu/Build/Intermediates.noindex/AstroTerm.build/Debug-iphonesimulator/AstroTerm.build/Objects-normal/x86_64/AstroTerm.abi.json /Users/oguzhanakdogan/Library/Developer/Xcode/DerivedData/AstroTerm-bdscbdacgvdbntgsnqenlocveohu/Build/Products/Debug-iphonesimulator/AstroTerm.swiftmodule/x86_64-apple-ios-simulator.abi.json

SwiftDriverJobDiscovery normal arm64 Compiling PlayerShipNode.swift, StarfieldNode.swift (in target 'AstroTerm' from project 'AstroTerm')

Copy /Users/oguzhanakdogan/Library/Developer/Xcode/DerivedData/AstroTerm-bdscbdacgvdbntgsnqenlocveohu/Build/Products/Debug-iphonesimulator/AstroTerm.swiftmodule/arm64-apple-ios-simulator.abi.json /Users/oguzhanakdogan/Library/Developer/Xcode/DerivedData/AstroTerm-bdscbdacgvdbntgsnqenlocveohu/Build/Intermediates.noindex/AstroTerm.build/Debug-iphonesimulator/AstroTerm.build/Objects-normal/arm64/AstroTerm.abi.json (in target 'AstroTerm' from project 'AstroTerm')
    cd /Users/oguzhanakdogan/Desktop/Galaxy\ Words
    builtin-copy -exclude .DS_Store -exclude CVS -exclude .svn -exclude .git -exclude .hg -resolve-src-symlinks -rename /Users/oguzhanakdogan/Library/Developer/Xcode/DerivedData/AstroTerm-bdscbdacgvdbntgsnqenlocveohu/Build/Intermediates.noindex/AstroTerm.build/Debug-iphonesimulator/AstroTerm.build/Objects-normal/arm64/AstroTerm.abi.json /Users/oguzhanakdogan/Library/Developer/Xcode/DerivedData/AstroTerm-bdscbdacgvdbntgsnqenlocveohu/Build/Products/Debug-iphonesimulator/AstroTerm.swiftmodule/arm64-apple-ios-simulator.abi.json

Copy /Users/oguzhanakdogan/Library/Developer/Xcode/DerivedData/AstroTerm-bdscbdacgvdbntgsnqenlocveohu/Build/Products/Debug-iphonesimulator/AstroTerm.swiftmodule/Project/x86_64-apple-ios-simulator.swiftsourceinfo /Users/oguzhanakdogan/Library/Developer/Xcode/DerivedData/AstroTerm-bdscbdacgvdbntgsnqenlocveohu/Build/Intermediates.noindex/AstroTerm.build/Debug-iphonesimulator/AstroTerm.build/Objects-normal/x86_64/AstroTerm.swiftsourceinfo (in target 'AstroTerm' from project 'AstroTerm')
    cd /Users/oguzhanakdogan/Desktop/Galaxy\ Words
    builtin-copy -exclude .DS_Store -exclude CVS -exclude .svn -exclude .git -exclude .hg -resolve-src-symlinks -rename /Users/oguzhanakdogan/Library/Developer/Xcode/DerivedData/AstroTerm-bdscbdacgvdbntgsnqenlocveohu/Build/Intermediates.noindex/AstroTerm.build/Debug-iphonesimulator/AstroTerm.build/Objects-normal/x86_64/AstroTerm.swiftsourceinfo /Users/oguzhanakdogan/Library/Developer/Xcode/DerivedData/AstroTerm-bdscbdacgvdbntgsnqenlocveohu/Build/Products/Debug-iphonesimulator/AstroTerm.swiftmodule/Project/x86_64-apple-ios-simulator.swiftsourceinfo

Copy /Users/oguzhanakdogan/Library/Developer/Xcode/DerivedData/AstroTerm-bdscbdacgvdbntgsnqenlocveohu/Build/Products/Debug-iphonesimulator/AstroTerm.swiftmodule/Project/arm64-apple-ios-simulator.swiftsourceinfo /Users/oguzhanakdogan/Library/Developer/Xcode/DerivedData/AstroTerm-bdscbdacgvdbntgsnqenlocveohu/Build/Intermediates.noindex/AstroTerm.build/Debug-iphonesimulator/AstroTerm.build/Objects-normal/arm64/AstroTerm.swiftsourceinfo (in target 'AstroTerm' from project 'AstroTerm')
    cd /Users/oguzhanakdogan/Desktop/Galaxy\ Words
    builtin-copy -exclude .DS_Store -exclude CVS -exclude .svn -exclude .git -exclude .hg -resolve-src-symlinks -rename /Users/oguzhanakdogan/Library/Developer/Xcode/DerivedData/AstroTerm-bdscbdacgvdbntgsnqenlocveohu/Build/Intermediates.noindex/AstroTerm.build/Debug-iphonesimulator/AstroTerm.build/Objects-normal/arm64/AstroTerm.swiftsourceinfo /Users/oguzhanakdogan/Library/Developer/Xcode/DerivedData/AstroTerm-bdscbdacgvdbntgsnqenlocveohu/Build/Products/Debug-iphonesimulator/AstroTerm.swiftmodule/Project/arm64-apple-ios-simulator.swiftsourceinfo

SwiftCompile normal x86_64 Compiling\ PlanetNode.swift /Users/oguzhanakdogan/Desktop/Galaxy\ Words/AstroTerm/Game/PlanetNode.swift (in target 'AstroTerm' from project 'AstroTerm')

SwiftCompile normal x86_64 /Users/oguzhanakdogan/Desktop/Galaxy\ Words/AstroTerm/Game/PlanetNode.swift (in target 'AstroTerm' from project 'AstroTerm')
    cd /Users/oguzhanakdogan/Desktop/Galaxy\ Words
    

SwiftDriverJobDiscovery normal x86_64 Compiling LevelUpView.swift (in target 'AstroTerm' from project 'AstroTerm')

SwiftCompile normal x86_64 Compiling\ OnboardingView.swift /Users/oguzhanakdogan/Desktop/Galaxy\ Words/AstroTerm/Views/OnboardingView.swift (in target 'AstroTerm' from project 'AstroTerm')

SwiftCompile normal x86_64 /Users/oguzhanakdogan/Desktop/Galaxy\ Words/AstroTerm/Views/OnboardingView.swift (in target 'AstroTerm' from project 'AstroTerm')
    cd /Users/oguzhanakdogan/Desktop/Galaxy\ Words
    

SwiftCompile normal x86_64 Compiling\ HUDOverlayView.swift /Users/oguzhanakdogan/Desktop/Galaxy\ Words/AstroTerm/Views/HUDOverlayView.swift (in target 'AstroTerm' from project 'AstroTerm')

SwiftCompile normal x86_64 /Users/oguzhanakdogan/Desktop/Galaxy\ Words/AstroTerm/Views/HUDOverlayView.swift (in target 'AstroTerm' from project 'AstroTerm')
    cd /Users/oguzhanakdogan/Desktop/Galaxy\ Words
    

SwiftDriverJobDiscovery normal x86_64 Compiling ContentView.swift, EnemyShipNode.swift (in target 'AstroTerm' from project 'AstroTerm')

SwiftCompile normal arm64 Compiling\ JoystickView.swift,\ LevelUpView.swift /Users/oguzhanakdogan/Desktop/Galaxy\ Words/AstroTerm/Game/JoystickView.swift /Users/oguzhanakdogan/Desktop/Galaxy\ Words/AstroTerm/Views/LevelUpView.swift (in target 'AstroTerm' from project 'AstroTerm')

SwiftCompile normal arm64 /Users/oguzhanakdogan/Desktop/Galaxy\ Words/AstroTerm/Game/JoystickView.swift (in target 'AstroTerm' from project 'AstroTerm')
    cd /Users/oguzhanakdogan/Desktop/Galaxy\ Words
    

SwiftCompile normal arm64 /Users/oguzhanakdogan/Desktop/Galaxy\ Words/AstroTerm/Views/LevelUpView.swift (in target 'AstroTerm' from project 'AstroTerm')
    cd /Users/oguzhanakdogan/Desktop/Galaxy\ Words
    

SwiftDriverJobDiscovery normal arm64 Compiling AstroTermApp.swift (in target 'AstroTerm' from project 'AstroTerm')

SwiftCompile normal arm64 Compiling\ ExplosionNode.swift,\ GameContainerView.swift /Users/oguzhanakdogan/Desktop/Galaxy\ Words/AstroTerm/Game/ExplosionNode.swift /Users/oguzhanakdogan/Desktop/Galaxy\ Words/AstroTerm/Views/GameContainerView.swift (in target 'AstroTerm' from project 'AstroTerm')

SwiftCompile normal arm64 /Users/oguzhanakdogan/Desktop/Galaxy\ Words/AstroTerm/Game/ExplosionNode.swift (in target 'AstroTerm' from project 'AstroTerm')
    cd /Users/oguzhanakdogan/Desktop/Galaxy\ Words
    

SwiftCompile normal arm64 /Users/oguzhanakdogan/Desktop/Galaxy\ Words/AstroTerm/Views/GameContainerView.swift (in target 'AstroTerm' from project 'AstroTerm')
    cd /Users/oguzhanakdogan/Desktop/Galaxy\ Words
    

SwiftDriverJobDiscovery normal x86_64 Compiling JoystickView.swift (in target 'AstroTerm' from project 'AstroTerm')

SwiftCompile normal arm64 Compiling\ WordDatabase.swift /Users/oguzhanakdogan/Desktop/Galaxy\ Words/AstroTerm/Data/WordDatabase.swift (in target 'AstroTerm' from project 'AstroTerm')

SwiftCompile normal arm64 /Users/oguzhanakdogan/Desktop/Galaxy\ Words/AstroTerm/Data/WordDatabase.swift (in target 'AstroTerm' from project 'AstroTerm')
    cd /Users/oguzhanakdogan/Desktop/Galaxy\ Words
    

SwiftDriverJobDiscovery normal x86_64 Compiling MainMenuView.swift (in target 'AstroTerm' from project 'AstroTerm')

SwiftCompile normal arm64 Compiling\ GameOverView.swift,\ GameScene.swift /Users/oguzhanakdogan/Desktop/Galaxy\ Words/AstroTerm/Views/GameOverView.swift /Users/oguzhanakdogan/Desktop/Galaxy\ Words/AstroTerm/Game/GameScene.swift (in target 'AstroTerm' from project 'AstroTerm')

SwiftCompile normal arm64 /Users/oguzhanakdogan/Desktop/Galaxy\ Words/AstroTerm/Views/GameOverView.swift (in target 'AstroTerm' from project 'AstroTerm')
    cd /Users/oguzhanakdogan/Desktop/Galaxy\ Words
    

SwiftCompile normal arm64 /Users/oguzhanakdogan/Desktop/Galaxy\ Words/AstroTerm/Game/GameScene.swift (in target 'AstroTerm' from project 'AstroTerm')
    cd /Users/oguzhanakdogan/Desktop/Galaxy\ Words
    

SwiftDriverJobDiscovery normal x86_64 Compiling OnboardingView.swift (in target 'AstroTerm' from project 'AstroTerm')

SwiftCompile normal x86_64 Compiling\ AstroTermApp.swift /Users/oguzhanakdogan/Desktop/Galaxy\ Words/AstroTerm/AstroTermApp.swift (in target 'AstroTerm' from project 'AstroTerm')

SwiftCompile normal x86_64 /Users/oguzhanakdogan/Desktop/Galaxy\ Words/AstroTerm/AstroTermApp.swift (in target 'AstroTerm' from project 'AstroTerm')
    cd /Users/oguzhanakdogan/Desktop/Galaxy\ Words
    

SwiftDriverJobDiscovery normal x86_64 Compiling PlanetNode.swift (in target 'AstroTerm' from project 'AstroTerm')

SwiftCompile normal x86_64 Compiling\ WordDatabase.swift /Users/oguzhanakdogan/Desktop/Galaxy\ Words/AstroTerm/Data/WordDatabase.swift (in target 'AstroTerm' from project 'AstroTerm')

SwiftCompile normal x86_64 /Users/oguzhanakdogan/Desktop/Galaxy\ Words/AstroTerm/Data/WordDatabase.swift (in target 'AstroTerm' from project 'AstroTerm')
    cd /Users/oguzhanakdogan/Desktop/Galaxy\ Words
    

SwiftDriverJobDiscovery normal arm64 Compiling ExplosionNode.swift, GameContainerView.swift (in target 'AstroTerm' from project 'AstroTerm')

SwiftCompile normal x86_64 Compiling\ PlayerShipNode.swift,\ StarfieldNode.swift /Users/oguzhanakdogan/Desktop/Galaxy\ Words/AstroTerm/Game/PlayerShipNode.swift /Users/oguzhanakdogan/Desktop/Galaxy\ Words/AstroTerm/Game/StarfieldNode.swift (in target 'AstroTerm' from project 'AstroTerm')

SwiftCompile normal x86_64 /Users/oguzhanakdogan/Desktop/Galaxy\ Words/AstroTerm/Game/PlayerShipNode.swift (in target 'AstroTerm' from project 'AstroTerm')
    cd /Users/oguzhanakdogan/Desktop/Galaxy\ Words
    

SwiftCompile normal x86_64 /Users/oguzhanakdogan/Desktop/Galaxy\ Words/AstroTerm/Game/StarfieldNode.swift (in target 'AstroTerm' from project 'AstroTerm')
    cd /Users/oguzhanakdogan/Desktop/Galaxy\ Words
    

SwiftDriverJobDiscovery normal arm64 Compiling WordDatabase.swift (in target 'AstroTerm' from project 'AstroTerm')

SwiftCompile normal x86_64 Compiling\ GameState.swift /Users/oguzhanakdogan/Desktop/Galaxy\ Words/AstroTerm/Models/GameState.swift (in target 'AstroTerm' from project 'AstroTerm')

SwiftCompile normal x86_64 /Users/oguzhanakdogan/Desktop/Galaxy\ Words/AstroTerm/Models/GameState.swift (in target 'AstroTerm' from project 'AstroTerm')
    cd /Users/oguzhanakdogan/Desktop/Galaxy\ Words
    

SwiftDriverJobDiscovery normal arm64 Compiling JoystickView.swift, LevelUpView.swift (in target 'AstroTerm' from project 'AstroTerm')

SwiftCompile normal x86_64 Compiling\ ExplosionNode.swift,\ GameContainerView.swift /Users/oguzhanakdogan/Desktop/Galaxy\ Words/AstroTerm/Game/ExplosionNode.swift /Users/oguzhanakdogan/Desktop/Galaxy\ Words/AstroTerm/Views/GameContainerView.swift (in target 'AstroTerm' from project 'AstroTerm')

SwiftCompile normal x86_64 /Users/oguzhanakdogan/Desktop/Galaxy\ Words/AstroTerm/Game/ExplosionNode.swift (in target 'AstroTerm' from project 'AstroTerm')
    cd /Users/oguzhanakdogan/Desktop/Galaxy\ Words
    

SwiftCompile normal x86_64 /Users/oguzhanakdogan/Desktop/Galaxy\ Words/AstroTerm/Views/GameContainerView.swift (in target 'AstroTerm' from project 'AstroTerm')
    cd /Users/oguzhanakdogan/Desktop/Galaxy\ Words
    

SwiftDriverJobDiscovery normal x86_64 Compiling AstroTermApp.swift (in target 'AstroTerm' from project 'AstroTerm')

SwiftCompile normal arm64 Compiling\ HUDOverlayView.swift,\ ReviveOverlayView.swift /Users/oguzhanakdogan/Desktop/Galaxy\ Words/AstroTerm/Views/HUDOverlayView.swift /Users/oguzhanakdogan/Desktop/Galaxy\ Words/AstroTerm/Views/ReviveOverlayView.swift (in target 'AstroTerm' from project 'AstroTerm')

SwiftCompile normal arm64 /Users/oguzhanakdogan/Desktop/Galaxy\ Words/AstroTerm/Views/HUDOverlayView.swift (in target 'AstroTerm' from project 'AstroTerm')
    cd /Users/oguzhanakdogan/Desktop/Galaxy\ Words
    

SwiftCompile normal arm64 /Users/oguzhanakdogan/Desktop/Galaxy\ Words/AstroTerm/Views/ReviveOverlayView.swift (in target 'AstroTerm' from project 'AstroTerm')
    cd /Users/oguzhanakdogan/Desktop/Galaxy\ Words
    

SwiftDriverJobDiscovery normal x86_64 Compiling HUDOverlayView.swift (in target 'AstroTerm' from project 'AstroTerm')

SwiftCompile normal x86_64 Compiling\ BulletNode.swift,\ CEFRLevel.swift /Users/oguzhanakdogan/Desktop/Galaxy\ Words/AstroTerm/Game/BulletNode.swift /Users/oguzhanakdogan/Desktop/Galaxy\ Words/AstroTerm/Models/CEFRLevel.swift (in target 'AstroTerm' from project 'AstroTerm')

SwiftCompile normal x86_64 /Users/oguzhanakdogan/Desktop/Galaxy\ Words/AstroTerm/Game/BulletNode.swift (in target 'AstroTerm' from project 'AstroTerm')
    cd /Users/oguzhanakdogan/Desktop/Galaxy\ Words
    

SwiftCompile normal x86_64 /Users/oguzhanakdogan/Desktop/Galaxy\ Words/AstroTerm/Models/CEFRLevel.swift (in target 'AstroTerm' from project 'AstroTerm')
    cd /Users/oguzhanakdogan/Desktop/Galaxy\ Words
    

SwiftDriverJobDiscovery normal x86_64 Compiling WordDatabase.swift (in target 'AstroTerm' from project 'AstroTerm')

SwiftCompile normal x86_64 Compiling\ GameViewModel.swift /Users/oguzhanakdogan/Desktop/Galaxy\ Words/AstroTerm/Game/GameViewModel.swift (in target 'AstroTerm' from project 'AstroTerm')

SwiftCompile normal x86_64 /Users/oguzhanakdogan/Desktop/Galaxy\ Words/AstroTerm/Game/GameViewModel.swift (in target 'AstroTerm' from project 'AstroTerm')
    cd /Users/oguzhanakdogan/Desktop/Galaxy\ Words
    

SwiftDriverJobDiscovery normal x86_64 Compiling GameState.swift (in target 'AstroTerm' from project 'AstroTerm')

SwiftCompile normal x86_64 Compiling\ ReviveOverlayView.swift /Users/oguzhanakdogan/Desktop/Galaxy\ Words/AstroTerm/Views/ReviveOverlayView.swift (in target 'AstroTerm' from project 'AstroTerm')

SwiftCompile normal x86_64 /Users/oguzhanakdogan/Desktop/Galaxy\ Words/AstroTerm/Views/ReviveOverlayView.swift (in target 'AstroTerm' from project 'AstroTerm')
    cd /Users/oguzhanakdogan/Desktop/Galaxy\ Words
    

SwiftDriverJobDiscovery normal x86_64 Compiling GameViewModel.swift (in target 'AstroTerm' from project 'AstroTerm')

SwiftDriverJobDiscovery normal x86_64 Compiling BulletNode.swift, CEFRLevel.swift (in target 'AstroTerm' from project 'AstroTerm')

SwiftDriverJobDiscovery normal x86_64 Compiling ExplosionNode.swift, GameContainerView.swift (in target 'AstroTerm' from project 'AstroTerm')

SwiftDriverJobDiscovery normal x86_64 Compiling PlayerShipNode.swift, StarfieldNode.swift (in target 'AstroTerm' from project 'AstroTerm')

SwiftDriverJobDiscovery normal x86_64 Compiling GameOverView.swift, GameScene.swift (in target 'AstroTerm' from project 'AstroTerm')

SwiftDriverJobDiscovery normal x86_64 Compiling ReviveOverlayView.swift (in target 'AstroTerm' from project 'AstroTerm')

SwiftDriver\ Compilation AstroTerm normal x86_64 com.apple.xcode.tools.swift.compiler (in target 'AstroTerm' from project 'AstroTerm')
    cd /Users/oguzhanakdogan/Desktop/Galaxy\ Words
    builtin-Swift-Compilation -- /Applications/Xcode.app/Contents/Developer/Toolchains/XcodeDefault.xctoolchain/usr/bin/swiftc -module-name AstroTerm -Onone @/Users/oguzhanakdogan/Library/Developer/Xcode/DerivedData/AstroTerm-bdscbdacgvdbntgsnqenlocveohu/Build/Intermediates.noindex/AstroTerm.build/Debug-iphonesimulator/AstroTerm.build/Objects-normal/x86_64/AstroTerm.SwiftFileList -DDEBUG -Xcc -fmodule-map-file\=/Users/oguzhanakdogan/Library/Developer/Xcode/DerivedData/AstroTerm-bdscbdacgvdbntgsnqenlocveohu/Build/Intermediates.noindex/GeneratedModuleMaps-iphonesimulator/UserMessagingPlatformTarget.modulemap -enable-bare-slash-regex -enable-experimental-feature DebugDescriptionMacro -sdk /Applications/Xcode.app/Contents/Developer/Platforms/iPhoneSimulator.platform/Developer/SDKs/iPhoneSimulator26.4.sdk -target x86_64-apple-ios16.0-simulator -g -module-cache-path /Users/oguzhanakdogan/Library/Developer/Xcode/DerivedData/ModuleCache.noindex -Xfrontend -serialize-debugging-options -enable-testing -index-store-path /Users/oguzhanakdogan/Library/Developer/Xcode/DerivedData/AstroTerm-bdscbdacgvdbntgsnqenlocveohu/Index.noindex/DataStore -Xcc -D_LIBCPP_HARDENING_MODE\=_LIBCPP_HARDENING_MODE_DEBUG -swift-version 5 -I /Users/oguzhanakdogan/Library/Developer/Xcode/DerivedData/AstroTerm-bdscbdacgvdbntgsnqenlocveohu/Build/Products/Debug-iphonesimulator -F /Users/oguzhanakdogan/Library/Developer/Xcode/DerivedData/AstroTerm-bdscbdacgvdbntgsnqenlocveohu/Build/Products/Debug-iphonesimulator/PackageFrameworks -F /Users/oguzhanakdogan/Library/Developer/Xcode/DerivedData/AstroTerm-bdscbdacgvdbntgsnqenlocveohu/Build/Products/Debug-iphonesimulator/PackageFrameworks -F /Users/oguzhanakdogan/Library/Developer/Xcode/DerivedData/AstroTerm-bdscbdacgvdbntgsnqenlocveohu/Build/Products/Debug-iphonesimulator -c -j8 -enable-batch-mode -incremental -Xcc -ivfsstatcache -Xcc /Users/oguzhanakdogan/Library/Developer/Xcode/DerivedData/SDKStatCaches.noindex/iphonesimulator26.4-23E237-686eebb5dc1d8ecb277353a59184f4aa.sdkstatcache -output-file-map /Users/oguzhanakdogan/Library/Developer/Xcode/DerivedData/AstroTerm-bdscbdacgvdbntgsnqenlocveohu/Build/Intermediates.noindex/AstroTerm.build/Debug-iphonesimulator/AstroTerm.build/Objects-normal/x86_64/AstroTerm-OutputFileMap.json -use-frontend-parseable-output -save-temps -no-color-diagnostics -explicit-module-build -module-cache-path /Users/oguzhanakdogan/Library/Developer/Xcode/DerivedData/AstroTerm-bdscbdacgvdbntgsnqenlocveohu/Build/Intermediates.noindex/SwiftExplicitPrecompiledModules -clang-scanner-module-cache-path /Users/oguzhanakdogan/Library/Developer/Xcode/DerivedData/ModuleCache.noindex -sdk-module-cache-path /Users/oguzhanakdogan/Library/Developer/Xcode/DerivedData/ModuleCache.noindex -serialize-diagnostics -emit-dependencies -emit-module -emit-module-path /Users/oguzhanakdogan/Library/Developer/Xcode/DerivedData/AstroTerm-bdscbdacgvdbntgsnqenlocveohu/Build/Intermediates.noindex/AstroTerm.build/Debug-iphonesimulator/AstroTerm.build/Objects-normal/x86_64/AstroTerm.swiftmodule -validate-clang-modules-once -clang-build-session-file /Users/oguzhanakdogan/Library/Developer/Xcode/DerivedData/ModuleCache.noindex/Session.modulevalidation -Xcc -I/Users/oguzhanakdogan/Library/Developer/Xcode/DerivedData/AstroTerm-bdscbdacgvdbntgsnqenlocveohu/Build/Intermediates.noindex/AstroTerm.build/Debug-iphonesimulator/AstroTerm.build/swift-overrides.hmap -emit-const-values -Xfrontend -const-gather-protocols-file -Xfrontend /Users/oguzhanakdogan/Library/Developer/Xcode/DerivedData/AstroTerm-bdscbdacgvdbntgsnqenlocveohu/Build/Intermediates.noindex/AstroTerm.build/Debug-iphonesimulator/AstroTerm.build/Objects-normal/x86_64/AstroTerm_const_extract_protocols.json -Xcc -iquote -Xcc /Users/oguzhanakdogan/Library/Developer/Xcode/DerivedData/AstroTerm-bdscbdacgvdbntgsnqenlocveohu/Build/Intermediates.noindex/AstroTerm.build/Debug-iphonesimulator/AstroTerm.build/AstroTerm-generated-files.hmap -Xcc -I/Users/oguzhanakdogan/Library/Developer/Xcode/DerivedData/AstroTerm-bdscbdacgvdbntgsnqenlocveohu/Build/Intermediates.noindex/AstroTerm.build/Debug-iphonesimulator/AstroTerm.build/AstroTerm-own-target-headers.hmap -Xcc -I/Users/oguzhanakdogan/Library/Developer/Xcode/DerivedData/AstroTerm-bdscbdacgvdbntgsnqenlocveohu/Build/Intermediates.noindex/AstroTerm.build/Debug-iphonesimulator/AstroTerm.build/AstroTerm-all-non-framework-target-headers.hmap -Xcc -ivfsoverlay -Xcc /Users/oguzhanakdogan/Library/Developer/Xcode/DerivedData/AstroTerm-bdscbdacgvdbntgsnqenlocveohu/Build/Intermediates.noindex/AstroTerm.build/Debug-iphonesimulator/AstroTerm-02c8daf681347d0896beafd55d95c20d-VFS-iphonesimulator/all-product-headers.yaml -Xcc -iquote -Xcc /Users/oguzhanakdogan/Library/Developer/Xcode/DerivedData/AstroTerm-bdscbdacgvdbntgsnqenlocveohu/Build/Intermediates.noindex/AstroTerm.build/Debug-iphonesimulator/AstroTerm.build/AstroTerm-project-headers.hmap -Xcc -I/Users/oguzhanakdogan/Library/Developer/Xcode/DerivedData/AstroTerm-bdscbdacgvdbntgsnqenlocveohu/SourcePackages/checkouts/swift-package-manager-google-user-messaging-platform/UserMessagingPlatformTarget/include -Xcc -I/Users/oguzhanakdogan/Library/Developer/Xcode/DerivedData/AstroTerm-bdscbdacgvdbntgsnqenlocveohu/Build/Products/Debug-iphonesimulator/include -Xcc -I/Users/oguzhanakdogan/Library/Developer/Xcode/DerivedData/AstroTerm-bdscbdacgvdbntgsnqenlocveohu/Build/Intermediates.noindex/AstroTerm.build/Debug-iphonesimulator/AstroTerm.build/DerivedSources-normal/x86_64 -Xcc -I/Users/oguzhanakdogan/Library/Developer/Xcode/DerivedData/AstroTerm-bdscbdacgvdbntgsnqenlocveohu/Build/Intermediates.noindex/AstroTerm.build/Debug-iphonesimulator/AstroTerm.build/DerivedSources/x86_64 -Xcc -I/Users/oguzhanakdogan/Library/Developer/Xcode/DerivedData/AstroTerm-bdscbdacgvdbntgsnqenlocveohu/Build/Intermediates.noindex/AstroTerm.build/Debug-iphonesimulator/AstroTerm.build/DerivedSources -Xcc -DDEBUG\=1 -emit-objc-header -emit-objc-header-path /Users/oguzhanakdogan/Library/Developer/Xcode/DerivedData/AstroTerm-bdscbdacgvdbntgsnqenlocveohu/Build/Intermediates.noindex/AstroTerm.build/Debug-iphonesimulator/AstroTerm.build/Objects-normal/x86_64/AstroTerm-Swift.h -working-directory /Users/oguzhanakdogan/Desktop/Galaxy\ Words -experimental-emit-module-separately -disable-cmo

Ld /Users/oguzhanakdogan/Library/Developer/Xcode/DerivedData/AstroTerm-bdscbdacgvdbntgsnqenlocveohu/Build/Intermediates.noindex/AstroTerm.build/Debug-iphonesimulator/AstroTerm.build/Objects-normal/x86_64/Binary/AstroTerm.debug.dylib normal x86_64 (in target 'AstroTerm' from project 'AstroTerm')
    cd /Users/oguzhanakdogan/Desktop/Galaxy\ Words
    /Applications/Xcode.app/Contents/Developer/Toolchains/XcodeDefault.xctoolchain/usr/bin/clang -Xlinker -reproducible -target x86_64-apple-ios16.0-simulator -dynamiclib -isysroot /Applications/Xcode.app/Contents/Developer/Platforms/iPhoneSimulator.platform/Developer/SDKs/iPhoneSimulator26.4.sdk -O0 -L/Users/oguzhanakdogan/Library/Developer/Xcode/DerivedData/AstroTerm-bdscbdacgvdbntgsnqenlocveohu/Build/Intermediates.noindex/EagerLinkingTBDs/Debug-iphonesimulator -L/Users/oguzhanakdogan/Library/Developer/Xcode/DerivedData/AstroTerm-bdscbdacgvdbntgsnqenlocveohu/Build/Products/Debug-iphonesimulator -F/Users/oguzhanakdogan/Library/Developer/Xcode/DerivedData/AstroTerm-bdscbdacgvdbntgsnqenlocveohu/Build/Intermediates.noindex/EagerLinkingTBDs/Debug-iphonesimulator -F/Users/oguzhanakdogan/Library/Developer/Xcode/DerivedData/AstroTerm-bdscbdacgvdbntgsnqenlocveohu/Build/Products/Debug-iphonesimulator/PackageFrameworks -F/Users/oguzhanakdogan/Library/Developer/Xcode/DerivedData/AstroTerm-bdscbdacgvdbntgsnqenlocveohu/Build/Products/Debug-iphonesimulator/PackageFrameworks -F/Users/oguzhanakdogan/Library/Developer/Xcode/DerivedData/AstroTerm-bdscbdacgvdbntgsnqenlocveohu/Build/Products/Debug-iphonesimulator -filelist /Users/oguzhanakdogan/Library/Developer/Xcode/DerivedData/AstroTerm-bdscbdacgvdbntgsnqenlocveohu/Build/Intermediates.noindex/AstroTerm.build/Debug-iphonesimulator/AstroTerm.build/Objects-normal/x86_64/AstroTerm.LinkFileList -install_name @rpath/AstroTerm.debug.dylib -Xlinker -rpath -Xlinker /usr/lib/swift -Xlinker -rpath -Xlinker /Users/oguzhanakdogan/Library/Developer/Xcode/DerivedData/AstroTerm-bdscbdacgvdbntgsnqenlocveohu/Build/Products/Debug-iphonesimulator/PackageFrameworks -Xlinker -rpath -Xlinker @executable_path/Frameworks -Xlinker -dead_strip -Xlinker -object_path_lto -Xlinker /Users/oguzhanakdogan/Library/Developer/Xcode/DerivedData/AstroTerm-bdscbdacgvdbntgsnqenlocveohu/Build/Intermediates.noindex/AstroTerm.build/Debug-iphonesimulator/AstroTerm.build/Objects-normal/x86_64/AstroTerm_lto.o -rdynamic -Xlinker -no_deduplicate -Xlinker -objc_abi_version -Xlinker 2 -Xlinker -dependency_info -Xlinker /Users/oguzhanakdogan/Library/Developer/Xcode/DerivedData/AstroTerm-bdscbdacgvdbntgsnqenlocveohu/Build/Intermediates.noindex/AstroTerm.build/Debug-iphonesimulator/AstroTerm.build/Objects-normal/x86_64/AstroTerm_dependency_info.dat -fobjc-link-runtime -L/Applications/Xcode.app/Contents/Developer/Toolchains/XcodeDefault.xctoolchain/usr/lib/swift/iphonesimulator -L/usr/lib/swift -Xlinker -add_ast_path -Xlinker /Users/oguzhanakdogan/Library/Developer/Xcode/DerivedData/AstroTerm-bdscbdacgvdbntgsnqenlocveohu/Build/Intermediates.noindex/AstroTerm.build/Debug-iphonesimulator/AstroTerm.build/Objects-normal/x86_64/AstroTerm.swiftmodule @/Users/oguzhanakdogan/Library/Developer/Xcode/DerivedData/AstroTerm-bdscbdacgvdbntgsnqenlocveohu/Build/Intermediates.noindex/AstroTerm.build/Debug-iphonesimulator/AstroTerm.build/Objects-normal/x86_64/AstroTerm-linker-args.resp -Wl,-no_warn_duplicate_libraries -Wl,-no_warn_duplicate_libraries -framework WebKit -Xlinker -alias -Xlinker _main -Xlinker ___debug_main_executable_dylib_entry_point -framework GoogleMobileAds -framework UserMessagingPlatform -framework SpriteKit -framework AVFoundation -Xlinker -no_adhoc_codesign -o /Users/oguzhanakdogan/Library/Developer/Xcode/DerivedData/AstroTerm-bdscbdacgvdbntgsnqenlocveohu/Build/Intermediates.noindex/AstroTerm.build/Debug-iphonesimulator/AstroTerm.build/Objects-normal/x86_64/Binary/AstroTerm.debug.dylib -Xlinker -add_ast_path -Xlinker /Users/oguzhanakdogan/Library/Developer/Xcode/DerivedData/AstroTerm-bdscbdacgvdbntgsnqenlocveohu/Build/Intermediates.noindex/GoogleMobileAds.build/Debug-iphonesimulator/GoogleMobileAdsTarget.build/Objects-normal/x86_64/GoogleMobileAdsTarget.swiftmodule @/Users/oguzhanakdogan/Library/Developer/Xcode/DerivedData/AstroTerm-bdscbdacgvdbntgsnqenlocveohu/Build/Intermediates.noindex/GoogleMobileAds.build/Debug-iphonesimulator/GoogleMobileAdsTarget.build/Objects-normal/x86_64/GoogleMobileAdsTarget-linker-args.resp

SwiftDriverJobDiscovery normal arm64 Compiling GameOverView.swift, GameScene.swift (in target 'AstroTerm' from project 'AstroTerm')

SwiftDriverJobDiscovery normal arm64 Compiling HUDOverlayView.swift, ReviveOverlayView.swift (in target 'AstroTerm' from project 'AstroTerm')

SwiftDriver\ Compilation AstroTerm normal arm64 com.apple.xcode.tools.swift.compiler (in target 'AstroTerm' from project 'AstroTerm')
    cd /Users/oguzhanakdogan/Desktop/Galaxy\ Words
    builtin-Swift-Compilation -- /Applications/Xcode.app/Contents/Developer/Toolchains/XcodeDefault.xctoolchain/usr/bin/swiftc -module-name AstroTerm -Onone @/Users/oguzhanakdogan/Library/Developer/Xcode/DerivedData/AstroTerm-bdscbdacgvdbntgsnqenlocveohu/Build/Intermediates.noindex/AstroTerm.build/Debug-iphonesimulator/AstroTerm.build/Objects-normal/arm64/AstroTerm.SwiftFileList -DDEBUG -Xcc -fmodule-map-file\=/Users/oguzhanakdogan/Library/Developer/Xcode/DerivedData/AstroTerm-bdscbdacgvdbntgsnqenlocveohu/Build/Intermediates.noindex/GeneratedModuleMaps-iphonesimulator/UserMessagingPlatformTarget.modulemap -enable-bare-slash-regex -enable-experimental-feature DebugDescriptionMacro -sdk /Applications/Xcode.app/Contents/Developer/Platforms/iPhoneSimulator.platform/Developer/SDKs/iPhoneSimulator26.4.sdk -target arm64-apple-ios16.0-simulator -g -module-cache-path /Users/oguzhanakdogan/Library/Developer/Xcode/DerivedData/ModuleCache.noindex -Xfrontend -serialize-debugging-options -enable-testing -index-store-path /Users/oguzhanakdogan/Library/Developer/Xcode/DerivedData/AstroTerm-bdscbdacgvdbntgsnqenlocveohu/Index.noindex/DataStore -Xcc -D_LIBCPP_HARDENING_MODE\=_LIBCPP_HARDENING_MODE_DEBUG -swift-version 5 -I /Users/oguzhanakdogan/Library/Developer/Xcode/DerivedData/AstroTerm-bdscbdacgvdbntgsnqenlocveohu/Build/Products/Debug-iphonesimulator -F /Users/oguzhanakdogan/Library/Developer/Xcode/DerivedData/AstroTerm-bdscbdacgvdbntgsnqenlocveohu/Build/Products/Debug-iphonesimulator/PackageFrameworks -F /Users/oguzhanakdogan/Library/Developer/Xcode/DerivedData/AstroTerm-bdscbdacgvdbntgsnqenlocveohu/Build/Products/Debug-iphonesimulator/PackageFrameworks -F /Users/oguzhanakdogan/Library/Developer/Xcode/DerivedData/AstroTerm-bdscbdacgvdbntgsnqenlocveohu/Build/Products/Debug-iphonesimulator -c -j8 -enable-batch-mode -incremental -Xcc -ivfsstatcache -Xcc /Users/oguzhanakdogan/Library/Developer/Xcode/DerivedData/SDKStatCaches.noindex/iphonesimulator26.4-23E237-686eebb5dc1d8ecb277353a59184f4aa.sdkstatcache -output-file-map /Users/oguzhanakdogan/Library/Developer/Xcode/DerivedData/AstroTerm-bdscbdacgvdbntgsnqenlocveohu/Build/Intermediates.noindex/AstroTerm.build/Debug-iphonesimulator/AstroTerm.build/Objects-normal/arm64/AstroTerm-OutputFileMap.json -use-frontend-parseable-output -save-temps -no-color-diagnostics -explicit-module-build -module-cache-path /Users/oguzhanakdogan/Library/Developer/Xcode/DerivedData/AstroTerm-bdscbdacgvdbntgsnqenlocveohu/Build/Intermediates.noindex/SwiftExplicitPrecompiledModules -clang-scanner-module-cache-path /Users/oguzhanakdogan/Library/Developer/Xcode/DerivedData/ModuleCache.noindex -sdk-module-cache-path /Users/oguzhanakdogan/Library/Developer/Xcode/DerivedData/ModuleCache.noindex -serialize-diagnostics -emit-dependencies -emit-module -emit-module-path /Users/oguzhanakdogan/Library/Developer/Xcode/DerivedData/AstroTerm-bdscbdacgvdbntgsnqenlocveohu/Build/Intermediates.noindex/AstroTerm.build/Debug-iphonesimulator/AstroTerm.build/Objects-normal/arm64/AstroTerm.swiftmodule -validate-clang-modules-once -clang-build-session-file /Users/oguzhanakdogan/Library/Developer/Xcode/DerivedData/ModuleCache.noindex/Session.modulevalidation -Xcc -I/Users/oguzhanakdogan/Library/Developer/Xcode/DerivedData/AstroTerm-bdscbdacgvdbntgsnqenlocveohu/Build/Intermediates.noindex/AstroTerm.build/Debug-iphonesimulator/AstroTerm.build/swift-overrides.hmap -emit-const-values -Xfrontend -const-gather-protocols-file -Xfrontend /Users/oguzhanakdogan/Library/Developer/Xcode/DerivedData/AstroTerm-bdscbdacgvdbntgsnqenlocveohu/Build/Intermediates.noindex/AstroTerm.build/Debug-iphonesimulator/AstroTerm.build/Objects-normal/arm64/AstroTerm_const_extract_protocols.json -Xcc -iquote -Xcc /Users/oguzhanakdogan/Library/Developer/Xcode/DerivedData/AstroTerm-bdscbdacgvdbntgsnqenlocveohu/Build/Intermediates.noindex/AstroTerm.build/Debug-iphonesimulator/AstroTerm.build/AstroTerm-generated-files.hmap -Xcc -I/Users/oguzhanakdogan/Library/Developer/Xcode/DerivedData/AstroTerm-bdscbdacgvdbntgsnqenlocveohu/Build/Intermediates.noindex/AstroTerm.build/Debug-iphonesimulator/AstroTerm.build/AstroTerm-own-target-headers.hmap -Xcc -I/Users/oguzhanakdogan/Library/Developer/Xcode/DerivedData/AstroTerm-bdscbdacgvdbntgsnqenlocveohu/Build/Intermediates.noindex/AstroTerm.build/Debug-iphonesimulator/AstroTerm.build/AstroTerm-all-non-framework-target-headers.hmap -Xcc -ivfsoverlay -Xcc /Users/oguzhanakdogan/Library/Developer/Xcode/DerivedData/AstroTerm-bdscbdacgvdbntgsnqenlocveohu/Build/Intermediates.noindex/AstroTerm.build/Debug-iphonesimulator/AstroTerm-02c8daf681347d0896beafd55d95c20d-VFS-iphonesimulator/all-product-headers.yaml -Xcc -iquote -Xcc /Users/oguzhanakdogan/Library/Developer/Xcode/DerivedData/AstroTerm-bdscbdacgvdbntgsnqenlocveohu/Build/Intermediates.noindex/AstroTerm.build/Debug-iphonesimulator/AstroTerm.build/AstroTerm-project-headers.hmap -Xcc -I/Users/oguzhanakdogan/Library/Developer/Xcode/DerivedData/AstroTerm-bdscbdacgvdbntgsnqenlocveohu/SourcePackages/checkouts/swift-package-manager-google-user-messaging-platform/UserMessagingPlatformTarget/include -Xcc -I/Users/oguzhanakdogan/Library/Developer/Xcode/DerivedData/AstroTerm-bdscbdacgvdbntgsnqenlocveohu/Build/Products/Debug-iphonesimulator/include -Xcc -I/Users/oguzhanakdogan/Library/Developer/Xcode/DerivedData/AstroTerm-bdscbdacgvdbntgsnqenlocveohu/Build/Intermediates.noindex/AstroTerm.build/Debug-iphonesimulator/AstroTerm.build/DerivedSources-normal/arm64 -Xcc -I/Users/oguzhanakdogan/Library/Developer/Xcode/DerivedData/AstroTerm-bdscbdacgvdbntgsnqenlocveohu/Build/Intermediates.noindex/AstroTerm.build/Debug-iphonesimulator/AstroTerm.build/DerivedSources/arm64 -Xcc -I/Users/oguzhanakdogan/Library/Developer/Xcode/DerivedData/AstroTerm-bdscbdacgvdbntgsnqenlocveohu/Build/Intermediates.noindex/AstroTerm.build/Debug-iphonesimulator/AstroTerm.build/DerivedSources -Xcc -DDEBUG\=1 -emit-objc-header -emit-objc-header-path /Users/oguzhanakdogan/Library/Developer/Xcode/DerivedData/AstroTerm-bdscbdacgvdbntgsnqenlocveohu/Build/Intermediates.noindex/AstroTerm.build/Debug-iphonesimulator/AstroTerm.build/Objects-normal/arm64/AstroTerm-Swift.h -working-directory /Users/oguzhanakdogan/Desktop/Galaxy\ Words -experimental-emit-module-separately -disable-cmo

Ld /Users/oguzhanakdogan/Library/Developer/Xcode/DerivedData/AstroTerm-bdscbdacgvdbntgsnqenlocveohu/Build/Intermediates.noindex/AstroTerm.build/Debug-iphonesimulator/AstroTerm.build/Objects-normal/arm64/Binary/AstroTerm.debug.dylib normal arm64 (in target 'AstroTerm' from project 'AstroTerm')
    cd /Users/oguzhanakdogan/Desktop/Galaxy\ Words
    /Applications/Xcode.app/Contents/Developer/Toolchains/XcodeDefault.xctoolchain/usr/bin/clang -Xlinker -reproducible -target arm64-apple-ios16.0-simulator -dynamiclib -isysroot /Applications/Xcode.app/Contents/Developer/Platforms/iPhoneSimulator.platform/Developer/SDKs/iPhoneSimulator26.4.sdk -O0 -L/Users/oguzhanakdogan/Library/Developer/Xcode/DerivedData/AstroTerm-bdscbdacgvdbntgsnqenlocveohu/Build/Intermediates.noindex/EagerLinkingTBDs/Debug-iphonesimulator -L/Users/oguzhanakdogan/Library/Developer/Xcode/DerivedData/AstroTerm-bdscbdacgvdbntgsnqenlocveohu/Build/Products/Debug-iphonesimulator -F/Users/oguzhanakdogan/Library/Developer/Xcode/DerivedData/AstroTerm-bdscbdacgvdbntgsnqenlocveohu/Build/Intermediates.noindex/EagerLinkingTBDs/Debug-iphonesimulator -F/Users/oguzhanakdogan/Library/Developer/Xcode/DerivedData/AstroTerm-bdscbdacgvdbntgsnqenlocveohu/Build/Products/Debug-iphonesimulator/PackageFrameworks -F/Users/oguzhanakdogan/Library/Developer/Xcode/DerivedData/AstroTerm-bdscbdacgvdbntgsnqenlocveohu/Build/Products/Debug-iphonesimulator/PackageFrameworks -F/Users/oguzhanakdogan/Library/Developer/Xcode/DerivedData/AstroTerm-bdscbdacgvdbntgsnqenlocveohu/Build/Products/Debug-iphonesimulator -filelist /Users/oguzhanakdogan/Library/Developer/Xcode/DerivedData/AstroTerm-bdscbdacgvdbntgsnqenlocveohu/Build/Intermediates.noindex/AstroTerm.build/Debug-iphonesimulator/AstroTerm.build/Objects-normal/arm64/AstroTerm.LinkFileList -install_name @rpath/AstroTerm.debug.dylib -Xlinker -rpath -Xlinker /usr/lib/swift -Xlinker -rpath -Xlinker /Users/oguzhanakdogan/Library/Developer/Xcode/DerivedData/AstroTerm-bdscbdacgvdbntgsnqenlocveohu/Build/Products/Debug-iphonesimulator/PackageFrameworks -Xlinker -rpath -Xlinker @executable_path/Frameworks -Xlinker -dead_strip -Xlinker -object_path_lto -Xlinker /Users/oguzhanakdogan/Library/Developer/Xcode/DerivedData/AstroTerm-bdscbdacgvdbntgsnqenlocveohu/Build/Intermediates.noindex/AstroTerm.build/Debug-iphonesimulator/AstroTerm.build/Objects-normal/arm64/AstroTerm_lto.o -rdynamic -Xlinker -no_deduplicate -Xlinker -objc_abi_version -Xlinker 2 -Xlinker -dependency_info -Xlinker /Users/oguzhanakdogan/Library/Developer/Xcode/DerivedData/AstroTerm-bdscbdacgvdbntgsnqenlocveohu/Build/Intermediates.noindex/AstroTerm.build/Debug-iphonesimulator/AstroTerm.build/Objects-normal/arm64/AstroTerm_dependency_info.dat -fobjc-link-runtime -L/Applications/Xcode.app/Contents/Developer/Toolchains/XcodeDefault.xctoolchain/usr/lib/swift/iphonesimulator -L/usr/lib/swift -Xlinker -add_ast_path -Xlinker /Users/oguzhanakdogan/Library/Developer/Xcode/DerivedData/AstroTerm-bdscbdacgvdbntgsnqenlocveohu/Build/Intermediates.noindex/AstroTerm.build/Debug-iphonesimulator/AstroTerm.build/Objects-normal/arm64/AstroTerm.swiftmodule @/Users/oguzhanakdogan/Library/Developer/Xcode/DerivedData/AstroTerm-bdscbdacgvdbntgsnqenlocveohu/Build/Intermediates.noindex/AstroTerm.build/Debug-iphonesimulator/AstroTerm.build/Objects-normal/arm64/AstroTerm-linker-args.resp -Wl,-no_warn_duplicate_libraries -Wl,-no_warn_duplicate_libraries -framework WebKit -Xlinker -alias -Xlinker _main -Xlinker ___debug_main_executable_dylib_entry_point -framework GoogleMobileAds -framework UserMessagingPlatform -framework SpriteKit -framework AVFoundation -Xlinker -no_adhoc_codesign -o /Users/oguzhanakdogan/Library/Developer/Xcode/DerivedData/AstroTerm-bdscbdacgvdbntgsnqenlocveohu/Build/Intermediates.noindex/AstroTerm.build/Debug-iphonesimulator/AstroTerm.build/Objects-normal/arm64/Binary/AstroTerm.debug.dylib -Xlinker -add_ast_path -Xlinker /Users/oguzhanakdogan/Library/Developer/Xcode/DerivedData/AstroTerm-bdscbdacgvdbntgsnqenlocveohu/Build/Intermediates.noindex/GoogleMobileAds.build/Debug-iphonesimulator/GoogleMobileAdsTarget.build/Objects-normal/arm64/GoogleMobileAdsTarget.swiftmodule @/Users/oguzhanakdogan/Library/Developer/Xcode/DerivedData/AstroTerm-bdscbdacgvdbntgsnqenlocveohu/Build/Intermediates.noindex/GoogleMobileAds.build/Debug-iphonesimulator/GoogleMobileAdsTarget.build/Objects-normal/arm64/GoogleMobileAdsTarget-linker-args.resp

ConstructStubExecutorLinkFileList /Users/oguzhanakdogan/Library/Developer/Xcode/DerivedData/AstroTerm-bdscbdacgvdbntgsnqenlocveohu/Build/Intermediates.noindex/AstroTerm.build/Debug-iphonesimulator/AstroTerm.build/AstroTerm-ExecutorLinkFileList-normal-x86_64.txt (in target 'AstroTerm' from project 'AstroTerm')
    cd /Users/oguzhanakdogan/Desktop/Galaxy\ Words
    construct-stub-executor-link-file-list /Users/oguzhanakdogan/Library/Developer/Xcode/DerivedData/AstroTerm-bdscbdacgvdbntgsnqenlocveohu/Build/Intermediates.noindex/AstroTerm.build/Debug-iphonesimulator/AstroTerm.build/Objects-normal/x86_64/Binary/AstroTerm.debug.dylib /Applications/Xcode.app/Contents/Developer/Platforms/iPhoneSimulator.platform/Developer/usr/lib/libPreviewsJITStubExecutor_no_swift_entry_point.a /Applications/Xcode.app/Contents/Developer/Platforms/iPhoneSimulator.platform/Developer/usr/lib/libPreviewsJITStubExecutor.a --output /Users/oguzhanakdogan/Library/Developer/Xcode/DerivedData/AstroTerm-bdscbdacgvdbntgsnqenlocveohu/Build/Intermediates.noindex/AstroTerm.build/Debug-iphonesimulator/AstroTerm.build/AstroTerm-ExecutorLinkFileList-normal-x86_64.txt
note: Using stub executor library with Swift entry point. (in target 'AstroTerm' from project 'AstroTerm')

Ld /Users/oguzhanakdogan/Library/Developer/Xcode/DerivedData/AstroTerm-bdscbdacgvdbntgsnqenlocveohu/Build/Intermediates.noindex/AstroTerm.build/Debug-iphonesimulator/AstroTerm.build/Objects-normal/x86_64/Binary/AstroTerm normal x86_64 (in target 'AstroTerm' from project 'AstroTerm')
    cd /Users/oguzhanakdogan/Desktop/Galaxy\ Words
    /Applications/Xcode.app/Contents/Developer/Toolchains/XcodeDefault.xctoolchain/usr/bin/clang -Xlinker -reproducible -target x86_64-apple-ios16.0-simulator -isysroot /Applications/Xcode.app/Contents/Developer/Platforms/iPhoneSimulator.platform/Developer/SDKs/iPhoneSimulator26.4.sdk -O0 -L/Users/oguzhanakdogan/Library/Developer/Xcode/DerivedData/AstroTerm-bdscbdacgvdbntgsnqenlocveohu/Build/Products/Debug-iphonesimulator -F/Users/oguzhanakdogan/Library/Developer/Xcode/DerivedData/AstroTerm-bdscbdacgvdbntgsnqenlocveohu/Build/Products/Debug-iphonesimulator/PackageFrameworks -F/Users/oguzhanakdogan/Library/Developer/Xcode/DerivedData/AstroTerm-bdscbdacgvdbntgsnqenlocveohu/Build/Products/Debug-iphonesimulator/PackageFrameworks -F/Users/oguzhanakdogan/Library/Developer/Xcode/DerivedData/AstroTerm-bdscbdacgvdbntgsnqenlocveohu/Build/Products/Debug-iphonesimulator -Xlinker -rpath -Xlinker @executable_path -Xlinker -rpath -Xlinker /Users/oguzhanakdogan/Library/Developer/Xcode/DerivedData/AstroTerm-bdscbdacgvdbntgsnqenlocveohu/Build/Products/Debug-iphonesimulator/PackageFrameworks -Xlinker -rpath -Xlinker @executable_path/Frameworks -rdynamic -Xlinker -no_deduplicate -Xlinker -objc_abi_version -Xlinker 2 -e ___debug_blank_executor_main -Xlinker -sectcreate -Xlinker __TEXT -Xlinker __debug_dylib -Xlinker /Users/oguzhanakdogan/Library/Developer/Xcode/DerivedData/AstroTerm-bdscbdacgvdbntgsnqenlocveohu/Build/Intermediates.noindex/AstroTerm.build/Debug-iphonesimulator/AstroTerm.build/AstroTerm-DebugDylibPath-normal-x86_64.txt -Xlinker -sectcreate -Xlinker __TEXT -Xlinker __debug_instlnm -Xlinker /Users/oguzhanakdogan/Library/Developer/Xcode/DerivedData/AstroTerm-bdscbdacgvdbntgsnqenlocveohu/Build/Intermediates.noindex/AstroTerm.build/Debug-iphonesimulator/AstroTerm.build/AstroTerm-DebugDylibInstallName-normal-x86_64.txt -Xlinker -filelist -Xlinker /Users/oguzhanakdogan/Library/Developer/Xcode/DerivedData/AstroTerm-bdscbdacgvdbntgsnqenlocveohu/Build/Intermediates.noindex/AstroTerm.build/Debug-iphonesimulator/AstroTerm.build/AstroTerm-ExecutorLinkFileList-normal-x86_64.txt -Xlinker -sectcreate -Xlinker __TEXT -Xlinker __entitlements -Xlinker /Users/oguzhanakdogan/Library/Developer/Xcode/DerivedData/AstroTerm-bdscbdacgvdbntgsnqenlocveohu/Build/Intermediates.noindex/AstroTerm.build/Debug-iphonesimulator/AstroTerm.build/AstroTerm.app-Simulated.xcent -Xlinker -sectcreate -Xlinker __TEXT -Xlinker __ents_der -Xlinker /Users/oguzhanakdogan/Library/Developer/Xcode/DerivedData/AstroTerm-bdscbdacgvdbntgsnqenlocveohu/Build/Intermediates.noindex/AstroTerm.build/Debug-iphonesimulator/AstroTerm.build/AstroTerm.app-Simulated.xcent.der /Users/oguzhanakdogan/Library/Developer/Xcode/DerivedData/AstroTerm-bdscbdacgvdbntgsnqenlocveohu/Build/Intermediates.noindex/AstroTerm.build/Debug-iphonesimulator/AstroTerm.build/Objects-normal/x86_64/Binary/AstroTerm.debug.dylib -Xlinker -no_adhoc_codesign -o /Users/oguzhanakdogan/Library/Developer/Xcode/DerivedData/AstroTerm-bdscbdacgvdbntgsnqenlocveohu/Build/Intermediates.noindex/AstroTerm.build/Debug-iphonesimulator/AstroTerm.build/Objects-normal/x86_64/Binary/AstroTerm

ConstructStubExecutorLinkFileList /Users/oguzhanakdogan/Library/Developer/Xcode/DerivedData/AstroTerm-bdscbdacgvdbntgsnqenlocveohu/Build/Intermediates.noindex/AstroTerm.build/Debug-iphonesimulator/AstroTerm.build/AstroTerm-ExecutorLinkFileList-normal-arm64.txt (in target 'AstroTerm' from project 'AstroTerm')
    cd /Users/oguzhanakdogan/Desktop/Galaxy\ Words
    construct-stub-executor-link-file-list /Users/oguzhanakdogan/Library/Developer/Xcode/DerivedData/AstroTerm-bdscbdacgvdbntgsnqenlocveohu/Build/Intermediates.noindex/AstroTerm.build/Debug-iphonesimulator/AstroTerm.build/Objects-normal/arm64/Binary/AstroTerm.debug.dylib /Applications/Xcode.app/Contents/Developer/Platforms/iPhoneSimulator.platform/Developer/usr/lib/libPreviewsJITStubExecutor_no_swift_entry_point.a /Applications/Xcode.app/Contents/Developer/Platforms/iPhoneSimulator.platform/Developer/usr/lib/libPreviewsJITStubExecutor.a --output /Users/oguzhanakdogan/Library/Developer/Xcode/DerivedData/AstroTerm-bdscbdacgvdbntgsnqenlocveohu/Build/Intermediates.noindex/AstroTerm.build/Debug-iphonesimulator/AstroTerm.build/AstroTerm-ExecutorLinkFileList-normal-arm64.txt
note: Using stub executor library with Swift entry point. (in target 'AstroTerm' from project 'AstroTerm')

CreateUniversalBinary /Users/oguzhanakdogan/Library/Developer/Xcode/DerivedData/AstroTerm-bdscbdacgvdbntgsnqenlocveohu/Build/Products/Debug-iphonesimulator/AstroTerm.app/AstroTerm.debug.dylib normal arm64\ x86_64 (in target 'AstroTerm' from project 'AstroTerm')
    cd /Users/oguzhanakdogan/Desktop/Galaxy\ Words
    /Applications/Xcode.app/Contents/Developer/Toolchains/XcodeDefault.xctoolchain/usr/bin/lipo -create /Users/oguzhanakdogan/Library/Developer/Xcode/DerivedData/AstroTerm-bdscbdacgvdbntgsnqenlocveohu/Build/Intermediates.noindex/AstroTerm.build/Debug-iphonesimulator/AstroTerm.build/Objects-normal/arm64/Binary/AstroTerm.debug.dylib /Users/oguzhanakdogan/Library/Developer/Xcode/DerivedData/AstroTerm-bdscbdacgvdbntgsnqenlocveohu/Build/Intermediates.noindex/AstroTerm.build/Debug-iphonesimulator/AstroTerm.build/Objects-normal/x86_64/Binary/AstroTerm.debug.dylib -output /Users/oguzhanakdogan/Library/Developer/Xcode/DerivedData/AstroTerm-bdscbdacgvdbntgsnqenlocveohu/Build/Products/Debug-iphonesimulator/AstroTerm.app/AstroTerm.debug.dylib

Ld /Users/oguzhanakdogan/Library/Developer/Xcode/DerivedData/AstroTerm-bdscbdacgvdbntgsnqenlocveohu/Build/Intermediates.noindex/AstroTerm.build/Debug-iphonesimulator/AstroTerm.build/Objects-normal/arm64/Binary/AstroTerm normal arm64 (in target 'AstroTerm' from project 'AstroTerm')
    cd /Users/oguzhanakdogan/Desktop/Galaxy\ Words
    /Applications/Xcode.app/Contents/Developer/Toolchains/XcodeDefault.xctoolchain/usr/bin/clang -Xlinker -reproducible -target arm64-apple-ios16.0-simulator -isysroot /Applications/Xcode.app/Contents/Developer/Platforms/iPhoneSimulator.platform/Developer/SDKs/iPhoneSimulator26.4.sdk -O0 -L/Users/oguzhanakdogan/Library/Developer/Xcode/DerivedData/AstroTerm-bdscbdacgvdbntgsnqenlocveohu/Build/Products/Debug-iphonesimulator -F/Users/oguzhanakdogan/Library/Developer/Xcode/DerivedData/AstroTerm-bdscbdacgvdbntgsnqenlocveohu/Build/Products/Debug-iphonesimulator/PackageFrameworks -F/Users/oguzhanakdogan/Library/Developer/Xcode/DerivedData/AstroTerm-bdscbdacgvdbntgsnqenlocveohu/Build/Products/Debug-iphonesimulator/PackageFrameworks -F/Users/oguzhanakdogan/Library/Developer/Xcode/DerivedData/AstroTerm-bdscbdacgvdbntgsnqenlocveohu/Build/Products/Debug-iphonesimulator -Xlinker -rpath -Xlinker @executable_path -Xlinker -rpath -Xlinker /Users/oguzhanakdogan/Library/Developer/Xcode/DerivedData/AstroTerm-bdscbdacgvdbntgsnqenlocveohu/Build/Products/Debug-iphonesimulator/PackageFrameworks -Xlinker -rpath -Xlinker @executable_path/Frameworks -rdynamic -Xlinker -no_deduplicate -Xlinker -objc_abi_version -Xlinker 2 -e ___debug_blank_executor_main -Xlinker -sectcreate -Xlinker __TEXT -Xlinker __debug_dylib -Xlinker /Users/oguzhanakdogan/Library/Developer/Xcode/DerivedData/AstroTerm-bdscbdacgvdbntgsnqenlocveohu/Build/Intermediates.noindex/AstroTerm.build/Debug-iphonesimulator/AstroTerm.build/AstroTerm-DebugDylibPath-normal-arm64.txt -Xlinker -sectcreate -Xlinker __TEXT -Xlinker __debug_instlnm -Xlinker /Users/oguzhanakdogan/Library/Developer/Xcode/DerivedData/AstroTerm-bdscbdacgvdbntgsnqenlocveohu/Build/Intermediates.noindex/AstroTerm.build/Debug-iphonesimulator/AstroTerm.build/AstroTerm-DebugDylibInstallName-normal-arm64.txt -Xlinker -filelist -Xlinker /Users/oguzhanakdogan/Library/Developer/Xcode/DerivedData/AstroTerm-bdscbdacgvdbntgsnqenlocveohu/Build/Intermediates.noindex/AstroTerm.build/Debug-iphonesimulator/AstroTerm.build/AstroTerm-ExecutorLinkFileList-normal-arm64.txt -Xlinker -sectcreate -Xlinker __TEXT -Xlinker __entitlements -Xlinker /Users/oguzhanakdogan/Library/Developer/Xcode/DerivedData/AstroTerm-bdscbdacgvdbntgsnqenlocveohu/Build/Intermediates.noindex/AstroTerm.build/Debug-iphonesimulator/AstroTerm.build/AstroTerm.app-Simulated.xcent -Xlinker -sectcreate -Xlinker __TEXT -Xlinker __ents_der -Xlinker /Users/oguzhanakdogan/Library/Developer/Xcode/DerivedData/AstroTerm-bdscbdacgvdbntgsnqenlocveohu/Build/Intermediates.noindex/AstroTerm.build/Debug-iphonesimulator/AstroTerm.build/AstroTerm.app-Simulated.xcent.der /Users/oguzhanakdogan/Library/Developer/Xcode/DerivedData/AstroTerm-bdscbdacgvdbntgsnqenlocveohu/Build/Intermediates.noindex/AstroTerm.build/Debug-iphonesimulator/AstroTerm.build/Objects-normal/arm64/Binary/AstroTerm.debug.dylib -Xlinker -no_adhoc_codesign -o /Users/oguzhanakdogan/Library/Developer/Xcode/DerivedData/AstroTerm-bdscbdacgvdbntgsnqenlocveohu/Build/Intermediates.noindex/AstroTerm.build/Debug-iphonesimulator/AstroTerm.build/Objects-normal/arm64/Binary/AstroTerm

CreateUniversalBinary /Users/oguzhanakdogan/Library/Developer/Xcode/DerivedData/AstroTerm-bdscbdacgvdbntgsnqenlocveohu/Build/Products/Debug-iphonesimulator/AstroTerm.app/AstroTerm normal arm64\ x86_64 (in target 'AstroTerm' from project 'AstroTerm')
    cd /Users/oguzhanakdogan/Desktop/Galaxy\ Words
    /Applications/Xcode.app/Contents/Developer/Toolchains/XcodeDefault.xctoolchain/usr/bin/lipo -create /Users/oguzhanakdogan/Library/Developer/Xcode/DerivedData/AstroTerm-bdscbdacgvdbntgsnqenlocveohu/Build/Intermediates.noindex/AstroTerm.build/Debug-iphonesimulator/AstroTerm.build/Objects-normal/arm64/Binary/AstroTerm /Users/oguzhanakdogan/Library/Developer/Xcode/DerivedData/AstroTerm-bdscbdacgvdbntgsnqenlocveohu/Build/Intermediates.noindex/AstroTerm.build/Debug-iphonesimulator/AstroTerm.build/Objects-normal/x86_64/Binary/AstroTerm -output /Users/oguzhanakdogan/Library/Developer/Xcode/DerivedData/AstroTerm-bdscbdacgvdbntgsnqenlocveohu/Build/Products/Debug-iphonesimulator/AstroTerm.app/AstroTerm

LinkAssetCatalog /Users/oguzhanakdogan/Desktop/Galaxy\ Words/AstroTerm/Assets.xcassets (in target 'AstroTerm' from project 'AstroTerm')
    cd /Users/oguzhanakdogan/Desktop/Galaxy\ Words
    builtin-linkAssetCatalog --thinned /Users/oguzhanakdogan/Library/Developer/Xcode/DerivedData/AstroTerm-bdscbdacgvdbntgsnqenlocveohu/Build/Intermediates.noindex/AstroTerm.build/Debug-iphonesimulator/AstroTerm.build/assetcatalog_output/thinned --thinned-dependencies /Users/oguzhanakdogan/Library/Developer/Xcode/DerivedData/AstroTerm-bdscbdacgvdbntgsnqenlocveohu/Build/Intermediates.noindex/AstroTerm.build/Debug-iphonesimulator/AstroTerm.build/assetcatalog_dependencies_thinned --thinned-info-plist-content /Users/oguzhanakdogan/Library/Developer/Xcode/DerivedData/AstroTerm-bdscbdacgvdbntgsnqenlocveohu/Build/Intermediates.noindex/AstroTerm.build/Debug-iphonesimulator/AstroTerm.build/assetcatalog_generated_info.plist_thinned --unthinned /Users/oguzhanakdogan/Library/Developer/Xcode/DerivedData/AstroTerm-bdscbdacgvdbntgsnqenlocveohu/Build/Intermediates.noindex/AstroTerm.build/Debug-iphonesimulator/AstroTerm.build/assetcatalog_output/unthinned --unthinned-dependencies /Users/oguzhanakdogan/Library/Developer/Xcode/DerivedData/AstroTerm-bdscbdacgvdbntgsnqenlocveohu/Build/Intermediates.noindex/AstroTerm.build/Debug-iphonesimulator/AstroTerm.build/assetcatalog_dependencies_unthinned --unthinned-info-plist-content /Users/oguzhanakdogan/Library/Developer/Xcode/DerivedData/AstroTerm-bdscbdacgvdbntgsnqenlocveohu/Build/Intermediates.noindex/AstroTerm.build/Debug-iphonesimulator/AstroTerm.build/assetcatalog_generated_info.plist_unthinned --output /Users/oguzhanakdogan/Library/Developer/Xcode/DerivedData/AstroTerm-bdscbdacgvdbntgsnqenlocveohu/Build/Products/Debug-iphonesimulator/AstroTerm.app --plist-output /Users/oguzhanakdogan/Library/Developer/Xcode/DerivedData/AstroTerm-bdscbdacgvdbntgsnqenlocveohu/Build/Intermediates.noindex/AstroTerm.build/Debug-iphonesimulator/AstroTerm.build/assetcatalog_generated_info.plist
note: Emplaced /Users/oguzhanakdogan/Library/Developer/Xcode/DerivedData/AstroTerm-bdscbdacgvdbntgsnqenlocveohu/Build/Products/Debug-iphonesimulator/AstroTerm.app/AppIcon76x76@2x~ipad.png (in target 'AstroTerm' from project 'AstroTerm')
note: Emplaced /Users/oguzhanakdogan/Library/Developer/Xcode/DerivedData/AstroTerm-bdscbdacgvdbntgsnqenlocveohu/Build/Products/Debug-iphonesimulator/AstroTerm.app/AppIcon60x60@2x.png (in target 'AstroTerm' from project 'AstroTerm')
note: Emplaced /Users/oguzhanakdogan/Library/Developer/Xcode/DerivedData/AstroTerm-bdscbdacgvdbntgsnqenlocveohu/Build/Products/Debug-iphonesimulator/AstroTerm.app/Assets.car (in target 'AstroTerm' from project 'AstroTerm')

ProcessInfoPlistFile /Users/oguzhanakdogan/Library/Developer/Xcode/DerivedData/AstroTerm-bdscbdacgvdbntgsnqenlocveohu/Build/Products/Debug-iphonesimulator/AstroTerm.app/Info.plist /Users/oguzhanakdogan/Desktop/Galaxy\ Words/AstroTerm/Info.plist (in target 'AstroTerm' from project 'AstroTerm')
    cd /Users/oguzhanakdogan/Desktop/Galaxy\ Words
    builtin-infoPlistUtility /Users/oguzhanakdogan/Desktop/Galaxy\ Words/AstroTerm/Info.plist -producttype com.apple.product-type.application -genpkginfo /Users/oguzhanakdogan/Library/Developer/Xcode/DerivedData/AstroTerm-bdscbdacgvdbntgsnqenlocveohu/Build/Products/Debug-iphonesimulator/AstroTerm.app/PkgInfo -expandbuildsettings -format binary -platform iphonesimulator -additionalcontentfile /Users/oguzhanakdogan/Library/Developer/Xcode/DerivedData/AstroTerm-bdscbdacgvdbntgsnqenlocveohu/Build/Intermediates.noindex/AstroTerm.build/Debug-iphonesimulator/AstroTerm.build/assetcatalog_generated_info.plist -scanforprivacyfile /Users/oguzhanakdogan/Library/Developer/Xcode/DerivedData/AstroTerm-bdscbdacgvdbntgsnqenlocveohu/Build/Products/Debug-iphonesimulator/AstroTerm.app/Frameworks/GoogleMobileAds.framework -scanforprivacyfile /Users/oguzhanakdogan/Library/Developer/Xcode/DerivedData/AstroTerm-bdscbdacgvdbntgsnqenlocveohu/Build/Products/Debug-iphonesimulator/AstroTerm.app/Frameworks/UserMessagingPlatform.framework -o /Users/oguzhanakdogan/Library/Developer/Xcode/DerivedData/AstroTerm-bdscbdacgvdbntgsnqenlocveohu/Build/Products/Debug-iphonesimulator/AstroTerm.app/Info.plist

CopySwiftLibs /Users/oguzhanakdogan/Library/Developer/Xcode/DerivedData/AstroTerm-bdscbdacgvdbntgsnqenlocveohu/Build/Products/Debug-iphonesimulator/AstroTerm.app (in target 'AstroTerm' from project 'AstroTerm')
    cd /Users/oguzhanakdogan/Desktop/Galaxy\ Words
    builtin-swiftStdLibTool --copy --verbose --sign - --scan-executable /Users/oguzhanakdogan/Library/Developer/Xcode/DerivedData/AstroTerm-bdscbdacgvdbntgsnqenlocveohu/Build/Products/Debug-iphonesimulator/AstroTerm.app/AstroTerm.debug.dylib --scan-folder /Users/oguzhanakdogan/Library/Developer/Xcode/DerivedData/AstroTerm-bdscbdacgvdbntgsnqenlocveohu/Build/Products/Debug-iphonesimulator/AstroTerm.app/Frameworks --scan-folder /Users/oguzhanakdogan/Library/Developer/Xcode/DerivedData/AstroTerm-bdscbdacgvdbntgsnqenlocveohu/Build/Products/Debug-iphonesimulator/AstroTerm.app/PlugIns --scan-folder /Users/oguzhanakdogan/Library/Developer/Xcode/DerivedData/AstroTerm-bdscbdacgvdbntgsnqenlocveohu/Build/Products/Debug-iphonesimulator/AstroTerm.app/SystemExtensions --scan-folder /Users/oguzhanakdogan/Library/Developer/Xcode/DerivedData/AstroTerm-bdscbdacgvdbntgsnqenlocveohu/Build/Products/Debug-iphonesimulator/AstroTerm.app/Extensions --scan-folder /Applications/Xcode.app/Contents/Developer/Platforms/iPhoneSimulator.platform/Developer/SDKs/iPhoneSimulator26.4.sdk/System/Library/Frameworks/SpriteKit.framework --scan-folder /Applications/Xcode.app/Contents/Developer/Platforms/iPhoneSimulator.platform/Developer/SDKs/iPhoneSimulator26.4.sdk/System/Library/Frameworks/AVFoundation.framework --platform iphonesimulator --toolchain /Applications/Xcode.app/Contents/Developer/Toolchains/XcodeDefault.xctoolchain --destination /Users/oguzhanakdogan/Library/Developer/Xcode/DerivedData/AstroTerm-bdscbdacgvdbntgsnqenlocveohu/Build/Products/Debug-iphonesimulator/AstroTerm.app/Frameworks --strip-bitcode --strip-bitcode-tool /Applications/Xcode.app/Contents/Developer/Toolchains/XcodeDefault.xctoolchain/usr/bin/bitcode_strip --emit-dependency-info /Users/oguzhanakdogan/Library/Developer/Xcode/DerivedData/AstroTerm-bdscbdacgvdbntgsnqenlocveohu/Build/Intermediates.noindex/AstroTerm.build/Debug-iphonesimulator/AstroTerm.build/SwiftStdLibToolInputDependencies.dep --filter-for-swift-os --back-deploy-swift-span

ExtractAppIntentsMetadata (in target 'AstroTerm' from project 'AstroTerm')
    cd /Users/oguzhanakdogan/Desktop/Galaxy\ Words
    /Applications/Xcode.app/Contents/Developer/Toolchains/XcodeDefault.xctoolchain/usr/bin/appintentsmetadataprocessor --toolchain-dir /Applications/Xcode.app/Contents/Developer/Toolchains/XcodeDefault.xctoolchain --module-name AstroTerm --sdk-root /Applications/Xcode.app/Contents/Developer/Platforms/iPhoneSimulator.platform/Developer/SDKs/iPhoneSimulator26.4.sdk --xcode-version 17E192 --platform-family iOS --deployment-target 16.0 --bundle-identifier com.oguzhanakdogan.astroterm --output /Users/oguzhanakdogan/Library/Developer/Xcode/DerivedData/AstroTerm-bdscbdacgvdbntgsnqenlocveohu/Build/Products/Debug-iphonesimulator/AstroTerm.app --target-triple arm64-apple-ios16.0-simulator --target-triple x86_64-apple-ios16.0-simulator --binary-file /Users/oguzhanakdogan/Library/Developer/Xcode/DerivedData/AstroTerm-bdscbdacgvdbntgsnqenlocveohu/Build/Products/Debug-iphonesimulator/AstroTerm.app/AstroTerm --dependency-file /Users/oguzhanakdogan/Library/Developer/Xcode/DerivedData/AstroTerm-bdscbdacgvdbntgsnqenlocveohu/Build/Intermediates.noindex/AstroTerm.build/Debug-iphonesimulator/AstroTerm.build/Objects-normal/arm64/AstroTerm_dependency_info.dat --dependency-file /Users/oguzhanakdogan/Library/Developer/Xcode/DerivedData/AstroTerm-bdscbdacgvdbntgsnqenlocveohu/Build/Intermediates.noindex/AstroTerm.build/Debug-iphonesimulator/AstroTerm.build/Objects-normal/x86_64/AstroTerm_dependency_info.dat --stringsdata-file /Users/oguzhanakdogan/Library/Developer/Xcode/DerivedData/AstroTerm-bdscbdacgvdbntgsnqenlocveohu/Build/Intermediates.noindex/AstroTerm.build/Debug-iphonesimulator/AstroTerm.build/Objects-normal/arm64/ExtractedAppShortcutsMetadata.stringsdata --stringsdata-file /Users/oguzhanakdogan/Library/Developer/Xcode/DerivedData/AstroTerm-bdscbdacgvdbntgsnqenlocveohu/Build/Intermediates.noindex/AstroTerm.build/Debug-iphonesimulator/AstroTerm.build/Objects-normal/x86_64/ExtractedAppShortcutsMetadata.stringsdata --source-file-list /Users/oguzhanakdogan/Library/Developer/Xcode/DerivedData/AstroTerm-bdscbdacgvdbntgsnqenlocveohu/Build/Intermediates.noindex/AstroTerm.build/Debug-iphonesimulator/AstroTerm.build/Objects-normal/arm64/AstroTerm.SwiftFileList --source-file-list /Users/oguzhanakdogan/Library/Developer/Xcode/DerivedData/AstroTerm-bdscbdacgvdbntgsnqenlocveohu/Build/Intermediates.noindex/AstroTerm.build/Debug-iphonesimulator/AstroTerm.build/Objects-normal/x86_64/AstroTerm.SwiftFileList --metadata-file-list /Users/oguzhanakdogan/Library/Developer/Xcode/DerivedData/AstroTerm-bdscbdacgvdbntgsnqenlocveohu/Build/Intermediates.noindex/AstroTerm.build/Debug-iphonesimulator/AstroTerm.build/AstroTerm.DependencyMetadataFileList --static-metadata-file-list /Users/oguzhanakdogan/Library/Developer/Xcode/DerivedData/AstroTerm-bdscbdacgvdbntgsnqenlocveohu/Build/Intermediates.noindex/AstroTerm.build/Debug-iphonesimulator/AstroTerm.build/AstroTerm.DependencyStaticMetadataFileList --swift-const-vals-list /Users/oguzhanakdogan/Library/Developer/Xcode/DerivedData/AstroTerm-bdscbdacgvdbntgsnqenlocveohu/Build/Intermediates.noindex/AstroTerm.build/Debug-iphonesimulator/AstroTerm.build/Objects-normal/arm64/AstroTerm.SwiftConstValuesFileList --swift-const-vals-list /Users/oguzhanakdogan/Library/Developer/Xcode/DerivedData/AstroTerm-bdscbdacgvdbntgsnqenlocveohu/Build/Intermediates.noindex/AstroTerm.build/Debug-iphonesimulator/AstroTerm.build/Objects-normal/x86_64/AstroTerm.SwiftConstValuesFileList --compile-time-extraction --deployment-aware-processing --validate-assistant-intents --no-app-shortcuts-localization
2026-04-05 11:15:23.591 appintentsmetadataprocessor[79538:700323] Starting appintentsmetadataprocessor export
2026-04-05 11:15:23.600 appintentsmetadataprocessor[79538:700323] warning: Metadata extraction skipped. No AppIntents.framework dependency found.

AppIntentsSSUTraining (in target 'AstroTerm' from project 'AstroTerm')
    cd /Users/oguzhanakdogan/Desktop/Galaxy\ Words
    /Applications/Xcode.app/Contents/Developer/Toolchains/XcodeDefault.xctoolchain/usr/bin/appintentsnltrainingprocessor --infoplist-path /Users/oguzhanakdogan/Library/Developer/Xcode/DerivedData/AstroTerm-bdscbdacgvdbntgsnqenlocveohu/Build/Products/Debug-iphonesimulator/AstroTerm.app/Info.plist --temp-dir-path /Users/oguzhanakdogan/Library/Developer/Xcode/DerivedData/AstroTerm-bdscbdacgvdbntgsnqenlocveohu/Build/Intermediates.noindex/AstroTerm.build/Debug-iphonesimulator/AstroTerm.build/ssu --bundle-id com.oguzhanakdogan.astroterm --product-path /Users/oguzhanakdogan/Library/Developer/Xcode/DerivedData/AstroTerm-bdscbdacgvdbntgsnqenlocveohu/Build/Products/Debug-iphonesimulator/AstroTerm.app --extracted-metadata-path /Users/oguzhanakdogan/Library/Developer/Xcode/DerivedData/AstroTerm-bdscbdacgvdbntgsnqenlocveohu/Build/Products/Debug-iphonesimulator/AstroTerm.app/Metadata.appintents --metadata-file-list /Users/oguzhanakdogan/Library/Developer/Xcode/DerivedData/AstroTerm-bdscbdacgvdbntgsnqenlocveohu/Build/Intermediates.noindex/AstroTerm.build/Debug-iphonesimulator/AstroTerm.build/AstroTerm.DependencyMetadataFileList --source-file /Users/oguzhanakdogan/Library/Developer/Xcode/DerivedData/AstroTerm-bdscbdacgvdbntgsnqenlocveohu/Build/Products/Debug-iphonesimulator/AstroTerm.app/Info.plist --archive-ssu-assets
2026-04-05 11:15:23.632 appintentsnltrainingprocessor[79539:700324] Parsing options for appintentsnltrainingprocessor
2026-04-05 11:15:23.633 appintentsnltrainingprocessor[79539:700324] Starting AppIntents SSU YAML Generation
2026-04-05 11:15:23.635 appintentsnltrainingprocessor[79539:700324] No AppShortcuts found - Skipping.

CodeSign /Users/oguzhanakdogan/Library/Developer/Xcode/DerivedData/AstroTerm-bdscbdacgvdbntgsnqenlocveohu/Build/Products/Debug-iphonesimulator/AstroTerm.app/AstroTerm.debug.dylib (in target 'AstroTerm' from project 'AstroTerm')
    cd /Users/oguzhanakdogan/Desktop/Galaxy\ Words
    
    Signing Identity:     "Sign to Run Locally"
    
    /usr/bin/codesign --force --sign - --timestamp\=none --generate-entitlement-der /Users/oguzhanakdogan/Library/Developer/Xcode/DerivedData/AstroTerm-bdscbdacgvdbntgsnqenlocveohu/Build/Products/Debug-iphonesimulator/AstroTerm.app/AstroTerm.debug.dylib

CodeSign /Users/oguzhanakdogan/Library/Developer/Xcode/DerivedData/AstroTerm-bdscbdacgvdbntgsnqenlocveohu/Build/Products/Debug-iphonesimulator/AstroTerm.app/__preview.dylib (in target 'AstroTerm' from project 'AstroTerm')
    cd /Users/oguzhanakdogan/Desktop/Galaxy\ Words
    
    Signing Identity:     "Sign to Run Locally"
    
    /usr/bin/codesign --force --sign - --timestamp\=none --generate-entitlement-der /Users/oguzhanakdogan/Library/Developer/Xcode/DerivedData/AstroTerm-bdscbdacgvdbntgsnqenlocveohu/Build/Products/Debug-iphonesimulator/AstroTerm.app/__preview.dylib

CodeSign /Users/oguzhanakdogan/Library/Developer/Xcode/DerivedData/AstroTerm-bdscbdacgvdbntgsnqenlocveohu/Build/Products/Debug-iphonesimulator/AstroTerm.app (in target 'AstroTerm' from project 'AstroTerm')
    cd /Users/oguzhanakdogan/Desktop/Galaxy\ Words
    
    Signing Identity:     "Sign to Run Locally"
    
    /usr/bin/codesign --force --sign - --timestamp\=none --generate-entitlement-der /Users/oguzhanakdogan/Library/Developer/Xcode/DerivedData/AstroTerm-bdscbdacgvdbntgsnqenlocveohu/Build/Products/Debug-iphonesimulator/AstroTerm.app

RegisterExecutionPolicyException /Users/oguzhanakdogan/Library/Developer/Xcode/DerivedData/AstroTerm-bdscbdacgvdbntgsnqenlocveohu/Build/Products/Debug-iphonesimulator/AstroTerm.app (in target 'AstroTerm' from project 'AstroTerm')
    cd /Users/oguzhanakdogan/Desktop/Galaxy\ Words
    builtin-RegisterExecutionPolicyException /Users/oguzhanakdogan/Library/Developer/Xcode/DerivedData/AstroTerm-bdscbdacgvdbntgsnqenlocveohu/Build/Products/Debug-iphonesimulator/AstroTerm.app

Validate /Users/oguzhanakdogan/Library/Developer/Xcode/DerivedData/AstroTerm-bdscbdacgvdbntgsnqenlocveohu/Build/Products/Debug-iphonesimulator/AstroTerm.app (in target 'AstroTerm' from project 'AstroTerm')
    cd /Users/oguzhanakdogan/Desktop/Galaxy\ Words
    builtin-validationUtility /Users/oguzhanakdogan/Library/Developer/Xcode/DerivedData/AstroTerm-bdscbdacgvdbntgsnqenlocveohu/Build/Products/Debug-iphonesimulator/AstroTerm.app -shallow-bundle -infoplist-subpath Info.plist

Touch /Users/oguzhanakdogan/Library/Developer/Xcode/DerivedData/AstroTerm-bdscbdacgvdbntgsnqenlocveohu/Build/Products/Debug-iphonesimulator/AstroTerm.app (in target 'AstroTerm' from project 'AstroTerm')
    cd /Users/oguzhanakdogan/Desktop/Galaxy\ Words
    /usr/bin/touch -c /Users/oguzhanakdogan/Library/Developer/Xcode/DerivedData/AstroTerm-bdscbdacgvdbntgsnqenlocveohu/Build/Products/Debug-iphonesimulator/AstroTerm.app

** BUILD SUCCEEDED **

